<html>
<body>
<pre>
<h1>µVision Build Log</h1>
<h2>Tool Versions:</h2>
IDE-Version: µVision V5.39.0.0
Copyright (C) 2023 ARM Ltd and ARM Germany GmbH. All rights reserved.
License Information: erfan amraei, subar, LIC=X1E4T-RUI6I-TLACD-8FIQ6-J5CIC-2XTJN
 
Tool Versions:
Toolchain:       MDK-ARM Professional  Version: 5.39.0.0
Toolchain Path:  C:\Keil_v5\ARM\ARMCLANG\Bin
C Compiler:      ArmClang.exe V6.21
Assembler:       Armasm.exe V6.21
Linker/Locator:  ArmLink.exe V6.21
Library Manager: ArmAr.exe V6.21
Hex Converter:   FromElf.exe V6.21
CPU DLL:         SARMCM3.DLL V5.39.0.0
Dialog DLL:      DCM.DLL V1.17.5.0
Target DLL:      UL2CM3.DLL V1.164.9.0
Dialog DLL:      TCM.DLL V1.56.4.0
 
<h2>Project:</h2>
D:\Keil-Project\UART-Interactive-Command-Line\UART_Command_Line.uvprojx
Project File Date:  01/21/2025

<h2>Output:</h2>
*** Using Compiler 'V6.21', folder: 'C:\Keil_v5\ARM\ARMCLANG\Bin'
Rebuild target 'Target 1'
assembling startup_stm32f10x_md.s...
compiling hal_gpio_config.c...
compiling hal_common.c...
compiling main.c...
compiling stm32f10x_gpio.c...
HAL/HAL_ISR/UART_isr.c(226): warning: unused function 'USART2_IRQHandler' [-Wunused-function]
  226 | static void USART2_IRQHandler(void)
      |             ^~~~~~~~~~~~~~~~~
1 warning generated.
compiling UART_isr.c...
compiling stm32f10x_rcc.c...
HAL/HAL-SYSTEM/src/misc.c(133): warning: implicit conversion loses integer precision: 'uint32_t' (aka 'unsigned int') to 'uint8_t' (aka 'unsigned char') [-Wimplicit-int-conversion]
  133 |     NVIC->IP[NVIC_InitStruct->NVIC_IRQChannel] = tmppriority;
      |                                                ~ ^~~~~~~~~~~
1 warning generated.
compiling misc.c...
compiling hal_usart2_config.c...
compiling semaphore.c...
compiling system_stm32f10x.c...
compiling memory_utility.c...
HAL/HAL-UART/src/stm32f10x_usart.c(1044): warning: implicit conversion loses integer precision: 'int' to 'uint16_t' (aka 'unsigned short') [-Wimplicit-int-conversion]
 1044 |   itmask = ((uint16_t)0x01 << (uint16_t)bitpos);
      |          ~  ~~~~~~~~~~~~~~~^~~~~~~~~~~~~~~~~~~
1 warning generated.
compiling stm32f10x_usart.c...
compiling UART-Command-Line.c...
linking...
Program Size: Code=12056 RO-data=1072 RW-data=36 ZI-data=2708  
FromELF: creating hex file...
".\Objects\UART_Command_Line.axf" - 0 Error(s), 3 Warning(s).

<h2>Software Packages used:</h2>

Package Vendor: Keil
                https://www.keil.com/pack/Keil.STM32F1xx_DFP.2.4.1.pack
                Keil::STM32F1xx_DFP@2.4.1
                STMicroelectronics STM32F1 Series Device Support, Drivers and Examples

<h2>Collection of Component include folders:</h2>
  C:/Users/Erfan/AppData/Local/Arm/Packs/Keil/STM32F1xx_DFP/2.4.1/Device/Include

<h2>Collection of Component Files used:</h2>
Build Time Elapsed:  00:00:00
</pre>
</body>
</html>
