Component: Arm Compiler for Embedded 6.21 Tool: armlink [5ec1fa00]

==============================================================================

Section Cross References

    startup_stm32f10x_md.o(STACK) refers (Special) to heapauxi.o(.text) for __use_two_region_memory
    startup_stm32f10x_md.o(HEAP) refers (Special) to heapauxi.o(.text) for __use_two_region_memory
    startup_stm32f10x_md.o(RESET) refers (Special) to heapauxi.o(.text) for __use_two_region_memory
    startup_stm32f10x_md.o(RESET) refers to startup_stm32f10x_md.o(STACK) for __initial_sp
    startup_stm32f10x_md.o(RESET) refers to startup_stm32f10x_md.o(.text) for Reset_Handler
    startup_stm32f10x_md.o(.text) refers (Special) to heapauxi.o(.text) for __use_two_region_memory
    startup_stm32f10x_md.o(.text) refers to system_stm32f10x.o(.text.SystemInit) for SystemInit
    startup_stm32f10x_md.o(.text) refers to __main.o(!!!main) for __main
    startup_stm32f10x_md.o(.text) refers to startup_stm32f10x_md.o(HEAP) for Heap_Mem
    startup_stm32f10x_md.o(.text) refers to startup_stm32f10x_md.o(STACK) for Stack_Mem
    main.o(.text.main) refers to hal_common.o(.text.HAL_config_MCU) for HAL_config_MCU
    main.o(.text.main) refers to memory_utility.o(.text.MemoryPool_Init) for MemoryPool_Init
    main.o(.text.main) refers to semaphore.o(.bss.g_semaphore) for g_semaphore
    main.o(.text.main) refers to semaphore.o(.text.obtain_semaphore) for obtain_semaphore
    main.o(.text.main) refers to memory_utility.o(.text.MemoryPool_AllocatePages) for MemoryPool_AllocatePages
    main.o(.text.main) refers to memory_utility.o(.bss.g_extracted_data) for g_extracted_data
    main.o(.text.main) refers to memory_utility.o(.bss.g_uart_xml_main_buffer) for g_uart_xml_main_buffer
    main.o(.text.main) refers to uart-command-line.o(.text.extract_command_and_params_from_xml) for extract_command_and_params_from_xml
    main.o(.text.main) refers to rt_memcpy_v6.o(.text) for __aeabi_memcpy
    main.o(.text.main) refers to uart-command-line.o(.text.execute_callback_functions) for execute_callback_functions
    main.o(.text.main) refers to memory_utility.o(.text.MemoryPool_FreePages) for MemoryPool_FreePages
    main.o(.text.main) refers to semaphore.o(.text.release_semaphore) for release_semaphore
    main.o(.ARM.exidx.text.main) refers to main.o(.text.main) for [Anonymous Symbol]
    uart_isr.o(.text.start_new_message) refers to memory_utility.o(.text.MemoryPool_AllocatePages) for MemoryPool_AllocatePages
    uart_isr.o(.text.start_new_message) refers to memory_utility.o(.bss.g_uart_xml_raw_buffer) for g_uart_xml_raw_buffer
    uart_isr.o(.ARM.exidx.text.start_new_message) refers to uart_isr.o(.text.start_new_message) for [Anonymous Symbol]
    uart_isr.o(.text.validate_parent_tag) refers to memory_utility.o(.bss.g_uart_xml_raw_buffer) for g_uart_xml_raw_buffer
    uart_isr.o(.text.validate_parent_tag) refers to uart_isr.o(.rodata.str1.1) for .L.str
    uart_isr.o(.text.validate_parent_tag) refers to uart-command-line.o(.text.find_tag_location) for find_tag_location
    uart_isr.o(.text.validate_parent_tag) refers to memory_utility.o(.text.MemoryPool_FreePages) for MemoryPool_FreePages
    uart_isr.o(.ARM.exidx.text.validate_parent_tag) refers to uart_isr.o(.text.validate_parent_tag) for [Anonymous Symbol]
    uart_isr.o(.text.process_received_char) refers to memory_utility.o(.bss.g_uart_xml_raw_buffer) for g_uart_xml_raw_buffer
    uart_isr.o(.text.process_received_char) refers to uart_isr.o(.rodata.str1.1) for .L.str
    uart_isr.o(.text.process_received_char) refers to uart-command-line.o(.text.find_tag_location) for find_tag_location
    uart_isr.o(.text.process_received_char) refers to semaphore.o(.bss.g_semaphore) for g_semaphore
    uart_isr.o(.text.process_received_char) refers to semaphore.o(.text.obtain_semaphore) for obtain_semaphore
    uart_isr.o(.text.process_received_char) refers to semaphore.o(.text.acquire_semaphore) for acquire_semaphore
    uart_isr.o(.text.process_received_char) refers to uart_isr.o(.text.process_complete_message) for process_complete_message
    uart_isr.o(.ARM.exidx.text.process_received_char) refers to uart_isr.o(.text.process_received_char) for [Anonymous Symbol]
    uart_isr.o(.text.process_complete_message) refers to memory_utility.o(.text.MemoryPool_AllocatePages) for MemoryPool_AllocatePages
    uart_isr.o(.text.process_complete_message) refers to memory_utility.o(.bss.g_uart_xml_main_buffer) for g_uart_xml_main_buffer
    uart_isr.o(.text.process_complete_message) refers to memory_utility.o(.bss.g_uart_xml_raw_buffer) for g_uart_xml_raw_buffer
    uart_isr.o(.text.process_complete_message) refers to strlen.o(.text) for strlen
    uart_isr.o(.text.process_complete_message) refers to rt_memcpy_v6.o(.text) for __aeabi_memcpy
    uart_isr.o(.text.process_complete_message) refers to memory_utility.o(.text.MemoryPool_FreePages) for MemoryPool_FreePages
[...]
    ../clib/printf_percent.s                 0x00000000   Number         0  _printf_a.o ABSOLUTE
    ../clib/printf_percent.s                 0x00000000   Number         0  _printf_percent.o ABSOLUTE
    ../clib/printf_percent.s                 0x00000000   Number         0  _printf_lli.o ABSOLUTE
    ../clib/printf_percent.s                 0x00000000   Number         0  _printf_lld.o ABSOLUTE
    ../clib/printf_percent.s                 0x00000000   Number         0  _printf_llu.o ABSOLUTE
    ../clib/printf_percent.s                 0x00000000   Number         0  _printf_ll.o ABSOLUTE
    ../clib/printf_percent.s                 0x00000000   Number         0  _printf_l.o ABSOLUTE
    ../clib/printf_percent.s                 0x00000000   Number         0  _printf_lc.o ABSOLUTE
    ../clib/printf_percent.s                 0x00000000   Number         0  _printf_ls.o ABSOLUTE
    ../clib/printf_percent.s                 0x00000000   Number         0  _printf_llo.o ABSOLUTE
    ../clib/printf_percent.s                 0x00000000   Number         0  _printf_llx.o ABSOLUTE
    ../clib/printf_percent.s                 0x00000000   Number         0  _printf_percent_end.o ABSOLUTE
    ../clib/signal.c                         0x00000000   Number         0  defsig_rtmem_outer.o ABSOLUTE
    ../clib/signal.c                         0x00000000   Number         0  defsig_rtmem_formal.o ABSOLUTE
    ../clib/signal.c                         0x00000000   Number         0  defsig_exit.o ABSOLUTE
    ../clib/signal.c                         0x00000000   Number         0  defsig_rtmem_inner.o ABSOLUTE
    ../clib/signal.c                         0x00000000   Number         0  __raise.o ABSOLUTE
    ../clib/signal.c                         0x00000000   Number         0  defsig_general.o ABSOLUTE
    ../clib/signal.c                         0x00000000   Number         0  defsig_abrt_inner.o ABSOLUTE
    ../clib/signal.c                         0x00000000   Number         0  defsig_fpe_inner.o ABSOLUTE
    ../clib/signal.c                         0x00000000   Number         0  defsig_rtred_inner.o ABSOLUTE
    ../clib/signal.c                         0x00000000   Number         0  defsig_stak_inner.o ABSOLUTE
    ../clib/signal.c                         0x00000000   Number         0  defsig_pvfn_inner.o ABSOLUTE
    ../clib/signal.c                         0x00000000   Number         0  defsig_cppl_inner.o ABSOLUTE
    ../clib/signal.c                         0x00000000   Number         0  defsig_segv_inner.o ABSOLUTE
    ../clib/signal.c                         0x00000000   Number         0  defsig_other.o ABSOLUTE
    ../clib/signal.s                         0x00000000   Number         0  defsig.o ABSOLUTE
    ../clib/stdlib.c                         0x00000000   Number         0  exit.o ABSOLUTE
    ../clib/string.c                         0x00000000   Number         0  strstr.o ABSOLUTE
    ../clib/string.c                         0x00000000   Number         0  strlen.o ABSOLUTE
    ../fplib/fpinit.s                        0x00000000   Number         0  fpinit.o ABSOLUTE
    ../fplib/fpinit_empty.s                  0x00000000   Number         0  fpinit_empty.o ABSOLUTE
    ../fplib/istatus.s                       0x00000000   Number         0  istatus.o ABSOLUTE
    ../fplib/printf1.s                       0x00000000   Number         0  printf1.o ABSOLUTE
    ../fplib/printf2.s                       0x00000000   Number         0  printf2.o ABSOLUTE
    ../fplib/printf2a.s                      0x00000000   Number         0  printf2a.o ABSOLUTE
    ../fplib/printf2b.s                      0x00000000   Number         0  printf2b.o ABSOLUTE
    ../fplib/usenofp.s                       0x00000000   Number         0  usenofp.o ABSOLUTE
    ../mathlib/fpclassify.c                  0x00000000   Number         0  fpclassify.o ABSOLUTE
    UART-Command-Line.c                      0x00000000   Number         0  uart-command-line.o ABSOLUTE
    UART_isr.c                               0x00000000   Number         0  uart_isr.o ABSOLUTE
    dc.s                                     0x00000000   Number         0  dc.o ABSOLUTE
    hal_common.c                             0x00000000   Number         0  hal_common.o ABSOLUTE
    hal_gpio_config.c                        0x00000000   Number         0  hal_gpio_config.o ABSOLUTE
    hal_usart2_config.c                      0x00000000   Number         0  hal_usart2_config.o ABSOLUTE
    main.c                                   0x00000000   Number         0  main.o ABSOLUTE
    memory_utility.c                         0x00000000   Number         0  memory_utility.o ABSOLUTE
    misc.c                                   0x00000000   Number         0  misc.o ABSOLUTE
    semaphore.c                              0x00000000   Number         0  semaphore.o ABSOLUTE
    startup_stm32f10x_md.s                   0x00000000   Number         0  startup_stm32f10x_md.o ABSOLUTE
    stm32f10x_gpio.c                         0x00000000   Number         0  stm32f10x_gpio.o ABSOLUTE
    stm32f10x_rcc.c                          0x00000000   Number         0  stm32f10x_rcc.o ABSOLUTE
    stm32f10x_usart.c                        0x00000000   Number         0  stm32f10x_usart.o ABSOLUTE
    system_stm32f10x.c                       0x00000000   Number         0  system_stm32f10x.o ABSOLUTE
    RESET                                    0x08000000   Section      236  startup_stm32f10x_md.o(RESET)
    !!!main                                  0x080000ec   Section        8  __main.o(!!!main)
    !!!scatter                               0x080000f4   Section       92  __scatter.o(!!!scatter)
    !!handler_copy                           0x08000150   Section       26  __scatter_copy.o(!!handler_copy)
    !!handler_null                           0x0800016c   Section        2  __scatter.o(!!handler_null)
    !!handler_zi                             0x08000170   Section       28  __scatter_zi.o(!!handler_zi)
    .ARM.Collect$$_printf_percent$$00000000  0x0800018c   Section        0  _printf_percent.o(.ARM.Collect$$_printf_percent$$00000000)
    .ARM.Collect$$_printf_percent$$00000001  0x0800018c   Section        6  _printf_n.o(.ARM.Collect$$_printf_percent$$00000001)
    .ARM.Collect$$_printf_percent$$00000002  0x08000192   Section        6  _printf_p.o(.ARM.Collect$$_printf_percent$$00000002)
    .ARM.Collect$$_printf_percent$$00000003  0x08000198   Section        6  _printf_f.o(.ARM.Collect$$_printf_percent$$00000003)
    .ARM.Collect$$_printf_percent$$00000004  0x0800019e   Section        6  _printf_e.o(.ARM.Collect$$_printf_percent$$00000004)
    .ARM.Collect$$_printf_percent$$00000005  0x080001a4   Section        6  _printf_g.o(.ARM.Collect$$_printf_percent$$00000005)
    .ARM.Collect$$_printf_percent$$00000006  0x080001aa   Section        6  _printf_a.o(.ARM.Collect$$_printf_percent$$00000006)
    .ARM.Collect$$_printf_percent$$00000007  0x080001b0   Section       10  _printf_ll.o(.ARM.Collect$$_printf_percent$$00000007)
    .ARM.Collect$$_printf_percent$$00000008  0x080001ba   Section        6  _printf_i.o(.ARM.Collect$$_printf_percent$$00000008)
    .ARM.Collect$$_printf_percent$$00000009  0x080001c0   Section        6  _printf_d.o(.ARM.Collect$$_printf_percent$$00000009)
    .ARM.Collect$$_printf_percent$$0000000A  0x080001c6   Section        6  _printf_u.o(.ARM.Collect$$_printf_percent$$0000000A)
    .ARM.Collect$$_printf_percent$$0000000B  0x080001cc   Section        6  _printf_o.o(.ARM.Collect$$_printf_percent$$0000000B)
    .ARM.Collect$$_printf_percent$$0000000C  0x080001d2   Section        6  _printf_x.o(.ARM.Collect$$_printf_percent$$0000000C)
    .ARM.Collect$$_printf_percent$$0000000D  0x080001d8   Section        6  _printf_lli.o(.ARM.Collect$$_printf_percent$$0000000D)
    .ARM.Collect$$_printf_percent$$0000000E  0x080001de   Section        6  _printf_lld.o(.ARM.Collect$$_printf_percent$$0000000E)
    .ARM.Collect$$_printf_percent$$0000000F  0x080001e4   Section        6  _printf_llu.o(.ARM.Collect$$_printf_percent$$0000000F)
    .ARM.Collect$$_printf_percent$$00000010  0x080001ea   Section        6  _printf_llo.o(.ARM.Collect$$_printf_percent$$00000010)
    .ARM.Collect$$_printf_percent$$00000011  0x080001f0   Section        6  _printf_llx.o(.ARM.Collect$$_printf_percent$$00000011)
    .ARM.Collect$$_printf_percent$$00000012  0x080001f6   Section       10  _printf_l.o(.ARM.Collect$$_printf_percent$$00000012)
    .ARM.Collect$$_printf_percent$$00000013  0x08000200   Section        6  _printf_c.o(.ARM.Collect$$_printf_percent$$00000013)
    .ARM.Collect$$_printf_percent$$00000014  0x08000206   Section        6  _printf_s.o(.ARM.Collect$$_printf_percent$$00000014)
    .ARM.Collect$$_printf_percent$$00000015  0x0800020c   Section        6  _printf_lc.o(.ARM.Collect$$_printf_percent$$00000015)
    .ARM.Collect$$_printf_percent$$00000016  0x08000212   Section        6  _printf_ls.o(.ARM.Collect$$_printf_percent$$00000016)
    .ARM.Collect$$_printf_percent$$00000017  0x08000218   Section        4  _printf_percent_end.o(.ARM.Collect$$_printf_percent$$00000017)
    .ARM.Collect$$libinit$$00000000          0x0800021c   Section        2  libinit.o(.ARM.Collect$$libinit$$00000000)
    .ARM.Collect$$libinit$$00000002          0x0800021e   Section        0  libinit2.o(.ARM.Collect$$libinit$$00000002)
    .ARM.Collect$$libinit$$00000004          0x0800021e   Section        0  libinit2.o(.ARM.Collect$$libinit$$00000004)
    .ARM.Collect$$libinit$$00000006          0x0800021e   Section        0  libinit2.o(.ARM.Collect$$libinit$$00000006)
    .ARM.Collect$$libinit$$0000000C          0x0800021e   Section        0  libinit2.o(.ARM.Collect$$libinit$$0000000C)
    .ARM.Collect$$libinit$$0000000E          0x0800021e   Section        0  libinit2.o(.ARM.Collect$$libinit$$0000000E)
    .ARM.Collect$$libinit$$00000010          0x0800021e   Section        0  libinit2.o(.ARM.Collect$$libinit$$00000010)
    .ARM.Collect$$libinit$$00000011          0x0800021e   Section        6  libinit2.o(.ARM.Collect$$libinit$$00000011)
    .ARM.Collect$$libinit$$00000013          0x08000224   Section        0  libinit2.o(.ARM.Collect$$libinit$$00000013)
    .ARM.Collect$$libinit$$00000014          0x08000224   Section       12  libinit2.o(.ARM.Collect$$libinit$$00000014)
    .ARM.Collect$$libinit$$00000015          0x08000230   Section        0  libinit2.o(.ARM.Collect$$libinit$$00000015)
    .ARM.Collect$$libinit$$00000017          0x08000230   Section        0  libinit2.o(.ARM.Collect$$libinit$$00000017)
    .ARM.Collect$$libinit$$00000018          0x08000230   Section       10  libinit2.o(.ARM.Collect$$libinit$$00000018)
    .ARM.Collect$$libinit$$00000019          0x0800023a   Section        0  libinit2.o(.ARM.Collect$$libinit$$00000019)
    .ARM.Collect$$libinit$$0000001B          0x0800023a   Section        0  libinit2.o(.ARM.Collect$$libinit$$0000001B)
    .ARM.Collect$$libinit$$0000001D          0x0800023a   Section        0  libinit2.o(.ARM.Collect$$libinit$$0000001D)
    .ARM.Collect$$libinit$$0000001F          0x0800023a   Section        0  libinit2.o(.ARM.Collect$$libinit$$0000001F)
    .ARM.Collect$$libinit$$00000021          0x0800023a   Section        0  libinit2.o(.ARM.Collect$$libinit$$00000021)
    .ARM.Collect$$libinit$$00000023          0x0800023a   Section        0  libinit2.o(.ARM.Collect$$libinit$$00000023)
    .ARM.Collect$$libinit$$00000025          0x0800023a   Section        0  libinit2.o(.ARM.Collect$$libinit$$00000025)
    .ARM.Collect$$libinit$$00000027          0x0800023a   Section        0  libinit2.o(.ARM.Collect$$libinit$$00000027)
    .ARM.Collect$$libinit$$0000002E          0x0800023a   Section        0  libinit2.o(.ARM.Collect$$libinit$$0000002E)
    .ARM.Collect$$libinit$$00000030          0x0800023a   Section        0  libinit2.o(.ARM.Collect$$libinit$$00000030)
    .ARM.Collect$$libinit$$00000032          0x0800023a   Section        0  libinit2.o(.ARM.Collect$$libinit$$00000032)
    .ARM.Collect$$libinit$$00000034          0x0800023a   Section        0  libinit2.o(.ARM.Collect$$libinit$$00000034)
    .ARM.Collect$$libinit$$00000035          0x0800023a   Section        2  libinit2.o(.ARM.Collect$$libinit$$00000035)
    .ARM.Collect$$libshutdown$$00000000      0x0800023c   Section        2  libshutdown.o(.ARM.Collect$$libshutdown$$00000000)
    .ARM.Collect$$libshutdown$$00000002      0x0800023e   Section        0  libshutdown2.o(.ARM.Collect$$libshutdown$$00000002)
    .ARM.Collect$$libshutdown$$00000004      0x0800023e   Section        0  libshutdown2.o(.ARM.Collect$$libshutdown$$00000004)
    .ARM.Collect$$libshutdown$$00000007      0x0800023e   Section        0  libshutdown2.o(.ARM.Collect$$libshutdown$$00000007)
    .ARM.Collect$$libshutdown$$0000000A      0x0800023e   Section        0  libshutdown2.o(.ARM.Collect$$libshutdown$$0000000A)
    .ARM.Collect$$libshutdown$$0000000C      0x0800023e   Section        0  libshutdown2.o(.ARM.Collect$$libshutdown$$0000000C)
    .ARM.Collect$$libshutdown$$0000000F      0x0800023e   Section        0  libshutdown2.o(.ARM.Collect$$libshutdown$$0000000F)
    .ARM.Collect$$libshutdown$$00000010      0x0800023e   Section        2  libshutdown2.o(.ARM.Collect$$libshutdown$$00000010)
    .ARM.Collect$$rtentry$$00000000          0x08000240   Section        0  __rtentry.o(.ARM.Collect$$rtentry$$00000000)
    .ARM.Collect$$rtentry$$00000002          0x08000240   Section        0  __rtentry2.o(.ARM.Collect$$rtentry$$00000002)
    .ARM.Collect$$rtentry$$00000004          0x08000240   Section        6  __rtentry4.o(.ARM.Collect$$rtentry$$00000004)
    .ARM.Collect$$rtentry$$00000009          0x08000246   Section        0  __rtentry2.o(.ARM.Collect$$rtentry$$00000009)
    .ARM.Collect$$rtentry$$0000000A          0x08000246   Section        4  __rtentry2.o(.ARM.Collect$$rtentry$$0000000A)
    .ARM.Collect$$rtentry$$0000000C          0x0800024a   Section        0  __rtentry2.o(.ARM.Collect$$rtentry$$0000000C)
    .ARM.Collect$$rtentry$$0000000D          0x0800024a   Section        8  __rtentry2.o(.ARM.Collect$$rtentry$$0000000D)
    .ARM.Collect$$rtexit$$00000000           0x08000252   Section        2  rtexit.o(.ARM.Collect$$rtexit$$00000000)
    .ARM.Collect$$rtexit$$00000002           0x08000254   Section        0  rtexit2.o(.ARM.Collect$$rtexit$$00000002)
    .ARM.Collect$$rtexit$$00000003           0x08000254   Section        4  rtexit2.o(.ARM.Collect$$rtexit$$00000003)
    .ARM.Collect$$rtexit$$00000004           0x08000258   Section        6  rtexit2.o(.ARM.Collect$$rtexit$$00000004)
    .text                                    0x08000260   Section       64  startup_stm32f10x_md.o(.text)
    .text                                    0x080002a0   Section        0  snprintf.o(.text)
    .text                                    0x080002e0   Section        0  strstr.o(.text)
    .text                                    0x08000304   Section        0  strlen.o(.text)
    .text                                    0x08000342   Section      138  rt_memcpy_v6.o(.text)
    .text                                    0x080003cc   Section       68  rt_memclr.o(.text)
    .text                                    0x08000410   Section       86  strncpy.o(.text)
    .text                                    0x08000468   Section      128  strcmpv7m.o(.text)
    .text                                    0x080004e8   Section        0  heapauxi.o(.text)
    .text                                    0x080004ee   Section        0  _printf_pad.o(.text)
    .text                                    0x0800053c   Section        0  _printf_truncate.o(.text)
    .text                                    0x08000560   Section        0  _printf_str.o(.text)
    .text                                    0x080005b4   Section        0  _printf_dec.o(.text)
    .text                                    0x0800062c   Section        0  _printf_charcount.o(.text)
    _printf_input_char                       0x08000655   Thumb Code    10  _printf_char_common.o(.text)
    .text                                    0x08000654   Section        0  _printf_char_common.o(.text)
    .text                                    0x08000684   Section        0  _snputc.o(.text)
    .text                                    0x08000694   Section        0  _printf_wctomb.o(.text)
    .text                                    0x08000750   Section        0  _printf_longlong_dec.o(.text)
    _printf_longlong_oct_internal            0x080007cd   Thumb Code     0  _printf_oct_int_ll.o(.text)
    .text                                    0x080007cc   Section        0  _printf_oct_int_ll.o(.text)
    _printf_hex_common                       0x0800083d   Thumb Code     0  _printf_hex_int_ll_ptr.o(.text)
    .text                                    0x0800083c   Section        0  _printf_hex_int_ll_ptr.o(.text)
    .text                                    0x080008d0   Section        0  __printf_flags_ss_wp.o(.text)
    .text                                    0x08000a58   Section      100  rt_memcpy_w.o(.text)
    .text                                    0x08000abc   Section       78  rt_memclr_w.o(.text)
    .text                                    0x08000b0a   Section      138  lludiv10.o(.text)
    .text                                    0x08000b94   Section        0  _printf_intcommon.o(.text)
    _fp_digits                               0x08000c47   Thumb Code   432  _printf_fp_dec.o(.text)
    .text                                    0x08000c46   Section        0  _printf_fp_dec.o(.text)
    .text                                    0x08001064   Section        0  _printf_fp_hex.o(.text)
    .text                                    0x08001360   Section        0  _printf_char.o(.text)
    .text                                    0x0800138c   Section        0  _printf_wchar.o(.text)
    .text                                    0x080013b8   Section        0  _c16rtomb.o(.text)
    .text                                    0x08001400   Section       74  sys_stackheap_outer.o(.text)
    .text                                    0x0800144c   Section       16  rt_ctype_table.o(.text)
    .text                                    0x0800145c   Section        8  rt_locale_intlibspace.o(.text)
    .text                                    0x08001464   Section        0  _printf_fp_infnan.o(.text)
    .text                                    0x080014e4   Section        0  bigflt0.o(.text)
    .text                                    0x080015c8   Section        0  exit.o(.text)
    .text                                    0x080015dc   Section        8  libspace.o(.text)
    .text                                    0x080015e4   Section        0  sys_exit.o(.text)
    .text                                    0x080015f0   Section        2  use_no_semi.o(.text)
    .text                                    0x080015f2   Section        0  indicate_semi.o(.text)
    [Anonymous Symbol]                       0x080015f4   Section        0  stm32f10x_gpio.o(.text.GPIO_Init)
    [Anonymous Symbol]                       0x0800177c   Section        0  stm32f10x_gpio.o(.text.GPIO_PinRemapConfig)
    [Anonymous Symbol]                       0x08001878   Section        0  uart-command-line.o(.text.GetHeaterValue)
    [Anonymous Symbol]                       0x080018e0   Section        0  hal_gpio_config.o(.text.HAL_GPIO_Config)
    [Anonymous Symbol]                       0x08001938   Section        0  hal_usart2_config.o(.text.HAL_USART2_Config)
    [Anonymous Symbol]                       0x080019a8   Section        0  hal_common.o(.text.HAL_config_MCU)
    [Anonymous Symbol]                       0x080019b4   Section        0  memory_utility.o(.text.MemoryPool_Allocate)
    [Anonymous Symbol]                       0x08001a08   Section        0  memory_utility.o(.text.MemoryPool_AllocatePages)
    [Anonymous Symbol]                       0x08001ad8   Section        0  memory_utility.o(.text.MemoryPool_Free)
    [Anonymous Symbol]                       0x08001b24   Section        0  memory_utility.o(.text.MemoryPool_FreePages)
    [Anonymous Symbol]                       0x08001b9c   Section        0  memory_utility.o(.text.MemoryPool_Init)
    NVIC_EnableIRQ                           0x08001bdd   Thumb Code    36  hal_usart2_config.o(.text.NVIC_EnableIRQ)
    [Anonymous Symbol]                       0x08001bdc   Section        0  hal_usart2_config.o(.text.NVIC_EnableIRQ)
    NVIC_SetPriority                         0x08001c01   Thumb Code    68  hal_usart2_config.o(.text.NVIC_SetPriority)
    [Anonymous Symbol]                       0x08001c00   Section        0  hal_usart2_config.o(.text.NVIC_SetPriority)
    NVIC_SetPriorityGrouping                 0x08001c45   Thumb Code    60  hal_usart2_config.o(.text.NVIC_SetPriorityGrouping)
    [Anonymous Symbol]                       0x08001c44   Section        0  hal_usart2_config.o(.text.NVIC_SetPriorityGrouping)
    [Anonymous Symbol]                       0x08001c80   Section        0  stm32f10x_rcc.o(.text.RCC_APB1PeriphClockCmd)
    [Anonymous Symbol]                       0x08001cb8   Section        0  stm32f10x_rcc.o(.text.RCC_APB2PeriphClockCmd)
    [Anonymous Symbol]                       0x08001cf0   Section        0  stm32f10x_rcc.o(.text.RCC_GetClocksFreq)
    [Anonymous Symbol]                       0x08001e64   Section        0  uart-command-line.o(.text.SetLedValue)
    SetSysClock                              0x08001ecd   Thumb Code     8  system_stm32f10x.o(.text.SetSysClock)
    [Anonymous Symbol]                       0x08001ecc   Section        0  system_stm32f10x.o(.text.SetSysClock)
    SetSysClockTo72                          0x08001ed5   Thumb Code   290  system_stm32f10x.o(.text.SetSysClockTo72)
    [Anonymous Symbol]                       0x08001ed4   Section        0  system_stm32f10x.o(.text.SetSysClockTo72)
    [Anonymous Symbol]                       0x08001ff8   Section        0  system_stm32f10x.o(.text.SystemInit)
    [Anonymous Symbol]                       0x08002060   Section        0  hal_usart2_config.o(.text.UART_WriteData)
    [Anonymous Symbol]                       0x08002114   Section        0  stm32f10x_usart.o(.text.USART_Cmd)
    [Anonymous Symbol]                       0x08002140   Section        0  stm32f10x_usart.o(.text.USART_GetFlagStatus)
    [Anonymous Symbol]                       0x08002184   Section        0  stm32f10x_usart.o(.text.USART_ITConfig)
    [Anonymous Symbol]                       0x08002218   Section        0  stm32f10x_usart.o(.text.USART_Init)
    [Anonymous Symbol]                       0x08002374   Section        0  stm32f10x_usart.o(.text.USART_SendData)
    [Anonymous Symbol]                       0x0800238c   Section        0  uart-command-line.o(.text.execute_callback_functions)
    [Anonymous Symbol]                       0x080024ac   Section        0  uart-command-line.o(.text.extract_command_and_params_from_xml)
    [Anonymous Symbol]                       0x0800254c   Section        0  uart-command-line.o(.text.extract_value_from_xml)
    [Anonymous Symbol]                       0x08002610   Section        0  uart-command-line.o(.text.find_command_in_list)
    [Anonymous Symbol]                       0x08002690   Section        0  uart-command-line.o(.text.find_tag_location)
    [Anonymous Symbol]                       0x0800271c   Section        0  main.o(.text.main)
    [Anonymous Symbol]                       0x080027a8   Section        0  semaphore.o(.text.obtain_semaphore)
    [Anonymous Symbol]                       0x080027e0   Section        0  semaphore.o(.text.release_semaphore)
    CL$$btod_d2e                             0x080027fa   Section       62  btod.o(CL$$btod_d2e)
    CL$$btod_d2e_denorm_low                  0x08002838   Section       70  btod.o(CL$$btod_d2e_denorm_low)
    CL$$btod_d2e_norm_op1                    0x0800287e   Section       96  btod.o(CL$$btod_d2e_norm_op1)
    CL$$btod_div_common                      0x080028e0   Section      824  btod.o(CL$$btod_div_common)
    CL$$btod_e2e                             0x08002c18   Section      220  btod.o(CL$$btod_e2e)
    CL$$btod_ediv                            0x08002cf4   Section       42  btod.o(CL$$btod_ediv)
    CL$$btod_emul                            0x08002d1e   Section       42  btod.o(CL$$btod_emul)
    CL$$btod_mult_common                     0x08002d48   Section      580  btod.o(CL$$btod_mult_common)
    i.__ARM_fpclassify                       0x08002f8c   Section        0  fpclassify.o(i.__ARM_fpclassify)
    i._is_digit                              0x08002fb4   Section        0  __printf_wp.o(i._is_digit)
    locale$$code                             0x08002fc4   Section       44  lc_numeric_c.o(locale$$code)
    locale$$code                             0x08002ff0   Section       44  lc_ctype_c.o(locale$$code)
    x$fpl$printf1                            0x0800301c   Section        4  printf1.o(x$fpl$printf1)
    x$fpl$printf2                            0x08003020   Section        4  printf2.o(x$fpl$printf2)
    initial_mbstate                          0x08003024   Data           8  _printf_wctomb.o(.constdata)
    .constdata                               0x08003024   Section        8  _printf_wctomb.o(.constdata)
    x$fpl$usenofp                            0x08003024   Section        0  usenofp.o(x$fpl$usenofp)
    uc_hextab                                0x0800302c   Data          20  _printf_hex_int_ll_ptr.o(.constdata)
    .constdata                               0x0800302c   Section       40  _printf_hex_int_ll_ptr.o(.constdata)
    lc_hextab                                0x08003040   Data          20  _printf_hex_int_ll_ptr.o(.constdata)
    maptable                                 0x08003054   Data          17  __printf_flags_ss_wp.o(.constdata)
    .constdata                               0x08003054   Section       17  __printf_flags_ss_wp.o(.constdata)
    lc_hextab                                0x08003065   Data          19  _printf_fp_hex.o(.constdata)
    .constdata                               0x08003065   Section       38  _printf_fp_hex.o(.constdata)
    uc_hextab                                0x08003078   Data          19  _printf_fp_hex.o(.constdata)
    tenpwrs_x                                0x0800308c   Data          60  bigflt0.o(.constdata)
    .constdata                               0x0800308c   Section      148  bigflt0.o(.constdata)
    tenpwrs_i                                0x080030c8   Data          64  bigflt0.o(.constdata)
    ADCPrescTable                            0x08003120   Data           4  stm32f10x_rcc.o(.rodata.ADCPrescTable)
    [Anonymous Symbol]                       0x08003120   Section        0  stm32f10x_rcc.o(.rodata.ADCPrescTable)
    APBAHBPrescTable                         0x08003124   Data          16  stm32f10x_rcc.o(.rodata.APBAHBPrescTable)
    [Anonymous Symbol]                       0x08003124   Section        0  stm32f10x_rcc.o(.rodata.APBAHBPrescTable)
    g_cmd_list                               0x08003134   Data          24  uart-command-line.o(.rodata.g_cmd_list)
    [Anonymous Symbol]                       0x08003134   Section        0  uart-command-line.o(.rodata.g_cmd_list)
    [Anonymous Symbol]                       0x0800314c   Section        0  uart-command-line.o(.rodata.str1.1)
    .L.str.1                                 0x080031f3   Data           6  uart-command-line.o(.rodata.str1.1)
    .L.str                                   0x080031f9   Data           5  uart-command-line.o(.rodata.str1.1)
    .L.str.2                                 0x080031fe   Data           4  uart-command-line.o(.rodata.str1.1)
    .L.str.3                                 0x08003202   Data           6  uart-command-line.o(.rodata.str1.1)
    locale$$data                             0x0800323c   Section       28  lc_numeric_c.o(locale$$data)
    __lcnum_c_name                           0x08003240   Data           2  lc_numeric_c.o(locale$$data)
    __lcnum_c_start                          0x08003248   Data           0  lc_numeric_c.o(locale$$data)
    __lcnum_c_point                          0x08003254   Data           0  lc_numeric_c.o(locale$$data)
    __lcnum_c_thousands                      0x08003256   Data           0  lc_numeric_c.o(locale$$data)
    __lcnum_c_grouping                       0x08003257   Data           0  lc_numeric_c.o(locale$$data)
    __lcnum_c_end                            0x08003258   Data           0  lc_numeric_c.o(locale$$data)
    locale$$data                             0x08003258   Section      272  lc_ctype_c.o(locale$$data)
    __lcctype_c_name                         0x0800325c   Data           2  lc_ctype_c.o(locale$$data)
    __lcctype_c_start                        0x08003264   Data           0  lc_ctype_c.o(locale$$data)
    __lcctype_c_end                          0x08003368   Data           0  lc_ctype_c.o(locale$$data)
    UART_Message                             0x20000000   Data          20  uart-command-line.o(.data.UART_Message)
    [Anonymous Symbol]                       0x20000000   Section        0  uart-command-line.o(.data.UART_Message)
    XML_Proccessing_Messages                 0x20000014   Data          16  uart-command-line.o(.data.XML_Proccessing_Messages)
    [Anonymous Symbol]                       0x20000014   Section        0  uart-command-line.o(.data.XML_Proccessing_Messages)
    .bss                                     0x20000028   Section       96  libspace.o(.bss)
    memPool                                  0x20000094   Data        1056  memory_utility.o(.bss.memPool)
    [Anonymous Symbol]                       0x20000094   Section        0  memory_utility.o(.bss.memPool)
    Heap_Mem                                 0x200004b8   Data         512  startup_stm32f10x_md.o(HEAP)
    HEAP                                     0x200004b8   Section      512  startup_stm32f10x_md.o(HEAP)
    Stack_Mem                                0x200006b8   Data        1024  startup_stm32f10x_md.o(STACK)
    STACK                                    0x200006b8   Section     1024  startup_stm32f10x_md.o(STACK)
    __initial_sp                             0x20000ab8   Data           0  startup_stm32f10x_md.o(STACK)

    Global Symbols

    Symbol Name                              Value     Ov Type        Size  Object(Section)

    BuildAttributes$$THM_ISAv4$P$D$K$B$S$PE$A:L22UL41UL21$X:L11$S22US41US21$IEEE1$IW$~IW$USESV6$~STKCKD$USESV7$~SHL$OTIME$ROPI$IEEEJ$EBA8$UX$STANDARDLIB$REQ8$PRES8$EABIv2 0x00000000   Number         0  anon$$obj.o ABSOLUTE
    __fp_init_empty                          0x00000000   Number         0  fpinit_empty.o ABSOLUTE
    _printf_flags                            0x00000000   Number         0  printf_stubs.o ABSOLUTE
    _printf_return_value                     0x00000000   Number         0  printf_stubs.o ABSOLUTE
    _printf_sizespec                         0x00000000   Number         0  printf_stubs.o ABSOLUTE
    _printf_widthprec                        0x00000000   Number         0  printf_stubs.o ABSOLUTE
    __ARM_exceptions_init                     - Undefined Weak Reference
    __alloca_initialize                       - Undefined Weak Reference
    __arm_preinit_                            - Undefined Weak Reference
    __arm_relocate_pie_                       - Undefined Weak Reference
    __cpp_initialize__aeabi_                  - Undefined Weak Reference
    __cxa_finalize                            - Undefined Weak Reference
    __sigvec_lookup                           - Undefined Weak Reference
    _atexit_init                              - Undefined Weak Reference
    _call_atexit_fns                          - Undefined Weak Reference
    _clock_init                               - Undefined Weak Reference
    _fp_trap_init                             - Undefined Weak Reference
    _fp_trap_shutdown                         - Undefined Weak Reference
    _get_lc_collate                           - Undefined Weak Reference
    _get_lc_monetary                          - Undefined Weak Reference
    _get_lc_time                              - Undefined Weak Reference
    _getenv_init                              - Undefined Weak Reference
    _handle_redirection                       - Undefined Weak Reference
    _init_alloc                               - Undefined Weak Reference
    _init_user_alloc                          - Undefined Weak Reference
    _initio                                   - Undefined Weak Reference
    _printf_mbtowc                            - Undefined Weak Reference
    _printf_wc                                - Undefined Weak Reference
    _rand_init                                - Undefined Weak Reference
    _signal_finish                            - Undefined Weak Reference
    _signal_init                              - Undefined Weak Reference
    _terminate_alloc                          - Undefined Weak Reference
    _terminate_user_alloc                     - Undefined Weak Reference
    _terminateio                              - Undefined Weak Reference
    __Vectors_Size                           0x000000ec   Number         0  startup_stm32f10x_md.o ABSOLUTE
    __Vectors                                0x08000000   Data           4  startup_stm32f10x_md.o(RESET)
    __Vectors_End                            0x080000ec   Data           0  startup_stm32f10x_md.o(RESET)
    __main                                   0x080000ed   Thumb Code     8  __main.o(!!!main)
    __scatterload                            0x080000f5   Thumb Code     0  __scatter.o(!!!scatter)
    __scatterload_rt2                        0x080000f5   Thumb Code    84  __scatter.o(!!!scatter)
    __scatterload_rt2_thumb_only             0x080000f5   Thumb Code     0  __scatter.o(!!!scatter)
    __scatterload_loop                       0x080000ff   Thumb Code     0  __scatter.o(!!!scatter)
    __scatterload_copy                       0x08000151   Thumb Code    26  __scatter_copy.o(!!handler_copy)
    __scatterload_null                       0x0800016d   Thumb Code     2  __scatter.o(!!handler_null)
    __scatterload_zeroinit                   0x08000171   Thumb Code    28  __scatter_zi.o(!!handler_zi)
    _printf_n                                0x0800018d   Thumb Code     0  _printf_n.o(.ARM.Collect$$_printf_percent$$00000001)
    _printf_percent                          0x0800018d   Thumb Code     0  _printf_percent.o(.ARM.Collect$$_printf_percent$$00000000)
    _printf_p                                0x08000193   Thumb Code     0  _printf_p.o(.ARM.Collect$$_printf_percent$$00000002)
    _printf_f                                0x08000199   Thumb Code     0  _printf_f.o(.ARM.Collect$$_printf_percent$$00000003)
    _printf_e                                0x0800019f   Thumb Code     0  _printf_e.o(.ARM.Collect$$_printf_percent$$00000004)
    _printf_g                                0x080001a5   Thumb Code     0  _printf_g.o(.ARM.Collect$$_printf_percent$$00000005)
    _printf_a                                0x080001ab   Thumb Code     0  _printf_a.o(.ARM.Collect$$_printf_percent$$00000006)
    _printf_ll                               0x080001b1   Thumb Code     0  _printf_ll.o(.ARM.Collect$$_printf_percent$$00000007)
    _printf_i                                0x080001bb   Thumb Code     0  _printf_i.o(.ARM.Collect$$_printf_percent$$00000008)
    _printf_d                                0x080001c1   Thumb Code     0  _printf_d.o(.ARM.Collect$$_printf_percent$$00000009)
    _printf_u                                0x080001c7   Thumb Code     0  _printf_u.o(.ARM.Collect$$_printf_percent$$0000000A)
    _printf_o                                0x080001cd   Thumb Code     0  _printf_o.o(.ARM.Collect$$_printf_percent$$0000000B)
    _printf_x                                0x080001d3   Thumb Code     0  _printf_x.o(.ARM.Collect$$_printf_percent$$0000000C)
    _printf_lli                              0x080001d9   Thumb Code     0  _printf_lli.o(.ARM.Collect$$_printf_percent$$0000000D)
    _printf_lld                              0x080001df   Thumb Code     0  _printf_lld.o(.ARM.Collect$$_printf_percent$$0000000E)
    _printf_llu                              0x080001e5   Thumb Code     0  _printf_llu.o(.ARM.Collect$$_printf_percent$$0000000F)
    _printf_llo                              0x080001eb   Thumb Code     0  _printf_llo.o(.ARM.Collect$$_printf_percent$$00000010)
    _printf_llx                              0x080001f1   Thumb Code     0  _printf_llx.o(.ARM.Collect$$_printf_percent$$00000011)
    _printf_l                                0x080001f7   Thumb Code     0  _printf_l.o(.ARM.Collect$$_printf_percent$$00000012)
    _printf_c                                0x08000201   Thumb Code     0  _printf_c.o(.ARM.Collect$$_printf_percent$$00000013)
    _printf_s                                0x08000207   Thumb Code     0  _printf_s.o(.ARM.Collect$$_printf_percent$$00000014)
    _printf_lc                               0x0800020d   Thumb Code     0  _printf_lc.o(.ARM.Collect$$_printf_percent$$00000015)
    _printf_ls                               0x08000213   Thumb Code     0  _printf_ls.o(.ARM.Collect$$_printf_percent$$00000016)
    _printf_percent_end                      0x08000219   Thumb Code     0  _printf_percent_end.o(.ARM.Collect$$_printf_percent$$00000017)
    __rt_lib_init                            0x0800021d   Thumb Code     0  libinit.o(.ARM.Collect$$libinit$$00000000)
    __rt_lib_init_fp_1                       0x0800021f   Thumb Code     0  libinit2.o(.ARM.Collect$$libinit$$00000002)
    __rt_lib_init_heap_1                     0x0800021f   Thumb Code     0  libinit2.o(.ARM.Collect$$libinit$$0000000C)
    __rt_lib_init_lc_common                  0x0800021f   Thumb Code     0  libinit2.o(.ARM.Collect$$libinit$$00000011)
    __rt_lib_init_preinit_1                  0x0800021f   Thumb Code     0  libinit2.o(.ARM.Collect$$libinit$$00000006)
    __rt_lib_init_rand_1                     0x0800021f   Thumb Code     0  libinit2.o(.ARM.Collect$$libinit$$00000010)
    __rt_lib_init_relocate_pie_1             0x0800021f   Thumb Code     0  libinit2.o(.ARM.Collect$$libinit$$00000004)
    __rt_lib_init_user_alloc_1               0x0800021f   Thumb Code     0  libinit2.o(.ARM.Collect$$libinit$$0000000E)
    __rt_lib_init_lc_collate_1               0x08000225   Thumb Code     0  libinit2.o(.ARM.Collect$$libinit$$00000013)
    __rt_lib_init_lc_ctype_2                 0x08000225   Thumb Code     0  libinit2.o(.ARM.Collect$$libinit$$00000014)
    __rt_lib_init_lc_ctype_1                 0x08000231   Thumb Code     0  libinit2.o(.ARM.Collect$$libinit$$00000015)
    __rt_lib_init_lc_monetary_1              0x08000231   Thumb Code     0  libinit2.o(.ARM.Collect$$libinit$$00000017)
    __rt_lib_init_lc_numeric_2               0x08000231   Thumb Code     0  libinit2.o(.ARM.Collect$$libinit$$00000018)
    __rt_lib_init_alloca_1                   0x0800023b   Thumb Code     0  libinit2.o(.ARM.Collect$$libinit$$00000030)
    __rt_lib_init_argv_1                     0x0800023b   Thumb Code     0  libinit2.o(.ARM.Collect$$libinit$$0000002E)
    __rt_lib_init_atexit_1                   0x0800023b   Thumb Code     0  libinit2.o(.ARM.Collect$$libinit$$0000001D)
    __rt_lib_init_clock_1                    0x0800023b   Thumb Code     0  libinit2.o(.ARM.Collect$$libinit$$00000023)
    __rt_lib_init_cpp_1                      0x0800023b   Thumb Code     0  libinit2.o(.ARM.Collect$$libinit$$00000034)
    __rt_lib_init_exceptions_1               0x0800023b   Thumb Code     0  libinit2.o(.ARM.Collect$$libinit$$00000032)
    __rt_lib_init_fp_trap_1                  0x0800023b   Thumb Code     0  libinit2.o(.ARM.Collect$$libinit$$00000021)
    __rt_lib_init_getenv_1                   0x0800023b   Thumb Code     0  libinit2.o(.ARM.Collect$$libinit$$00000025)
    __rt_lib_init_lc_numeric_1               0x0800023b   Thumb Code     0  libinit2.o(.ARM.Collect$$libinit$$00000019)
    __rt_lib_init_lc_time_1                  0x0800023b   Thumb Code     0  libinit2.o(.ARM.Collect$$libinit$$0000001B)
    __rt_lib_init_return                     0x0800023b   Thumb Code     0  libinit2.o(.ARM.Collect$$libinit$$00000035)
    __rt_lib_init_signal_1                   0x0800023b   Thumb Code     0  libinit2.o(.ARM.Collect$$libinit$$0000001F)
    __rt_lib_init_stdio_1                    0x0800023b   Thumb Code     0  libinit2.o(.ARM.Collect$$libinit$$00000027)
    __rt_lib_shutdown                        0x0800023d   Thumb Code     0  libshutdown.o(.ARM.Collect$$libshutdown$$00000000)
    __rt_lib_shutdown_cpp_1                  0x0800023f   Thumb Code     0  libshutdown2.o(.ARM.Collect$$libshutdown$$00000002)
    __rt_lib_shutdown_fp_trap_1              0x0800023f   Thumb Code     0  libshutdown2.o(.ARM.Collect$$libshutdown$$00000007)
    __rt_lib_shutdown_heap_1                 0x0800023f   Thumb Code     0  libshutdown2.o(.ARM.Collect$$libshutdown$$0000000F)
    __rt_lib_shutdown_return                 0x0800023f   Thumb Code     0  libshutdown2.o(.ARM.Collect$$libshutdown$$00000010)
    __rt_lib_shutdown_signal_1               0x0800023f   Thumb Code     0  libshutdown2.o(.ARM.Collect$$libshutdown$$0000000A)
    __rt_lib_shutdown_stdio_1                0x0800023f   Thumb Code     0  libshutdown2.o(.ARM.Collect$$libshutdown$$00000004)
    __rt_lib_shutdown_user_alloc_1           0x0800023f   Thumb Code     0  libshutdown2.o(.ARM.Collect$$libshutdown$$0000000C)
    __rt_entry                               0x08000241   Thumb Code     0  __rtentry.o(.ARM.Collect$$rtentry$$00000000)
    __rt_entry_presh_1                       0x08000241   Thumb Code     0  __rtentry2.o(.ARM.Collect$$rtentry$$00000002)
    __rt_entry_sh                            0x08000241   Thumb Code     0  __rtentry4.o(.ARM.Collect$$rtentry$$00000004)
    __rt_entry_li                            0x08000247   Thumb Code     0  __rtentry2.o(.ARM.Collect$$rtentry$$0000000A)
    __rt_entry_postsh_1                      0x08000247   Thumb Code     0  __rtentry2.o(.ARM.Collect$$rtentry$$00000009)
    __rt_entry_main                          0x0800024b   Thumb Code     0  __rtentry2.o(.ARM.Collect$$rtentry$$0000000D)
    __rt_entry_postli_1                      0x0800024b   Thumb Code     0  __rtentry2.o(.ARM.Collect$$rtentry$$0000000C)
    __rt_exit                                0x08000253   Thumb Code     0  rtexit.o(.ARM.Collect$$rtexit$$00000000)
    __rt_exit_ls                             0x08000255   Thumb Code     0  rtexit2.o(.ARM.Collect$$rtexit$$00000003)
    __rt_exit_prels_1                        0x08000255   Thumb Code     0  rtexit2.o(.ARM.Collect$$rtexit$$00000002)
    __rt_exit_exit                           0x08000259   Thumb Code     0  rtexit2.o(.ARM.Collect$$rtexit$$00000004)
    Reset_Handler                            0x08000261   Thumb Code     8  startup_stm32f10x_md.o(.text)
    NMI_Handler                              0x08000269   Thumb Code     2  startup_stm32f10x_md.o(.text)
    HardFault_Handler                        0x0800026b   Thumb Code     2  startup_stm32f10x_md.o(.text)
    MemManage_Handler                        0x0800026d   Thumb Code     2  startup_stm32f10x_md.o(.text)
    BusFault_Handler                         0x0800026f   Thumb Code     2  startup_stm32f10x_md.o(.text)
    UsageFault_Handler                       0x08000271   Thumb Code     2  startup_stm32f10x_md.o(.text)
    SVC_Handler                              0x08000273   Thumb Code     2  startup_stm32f10x_md.o(.text)
    DebugMon_Handler                         0x08000275   Thumb Code     2  startup_stm32f10x_md.o(.text)
    PendSV_Handler                           0x08000277   Thumb Code     2  startup_stm32f10x_md.o(.text)
    SysTick_Handler                          0x08000279   Thumb Code     2  startup_stm32f10x_md.o(.text)
    ADC1_2_IRQHandler                        0x0800027b   Thumb Code     0  startup_stm32f10x_md.o(.text)
    CAN1_RX1_IRQHandler                      0x0800027b   Thumb Code     0  startup_stm32f10x_md.o(.text)
    CAN1_SCE_IRQHandler                      0x0800027b   Thumb Code     0  startup_stm32f10x_md.o(.text)
    DMA1_Channel1_IRQHandler                 0x0800027b   Thumb Code     0  startup_stm32f10x_md.o(.text)
    DMA1_Channel2_IRQHandler                 0x0800027b   Thumb Code     0  startup_stm32f10x_md.o(.text)
    DMA1_Channel3_IRQHandler                 0x0800027b   Thumb Code     0  startup_stm32f10x_md.o(.text)
    DMA1_Channel4_IRQHandler                 0x0800027b   Thumb Code     0  startup_stm32f10x_md.o(.text)
    DMA1_Channel5_IRQHandler                 0x0800027b   Thumb Code     0  startup_stm32f10x_md.o(.text)
    DMA1_Channel6_IRQHandler                 0x0800027b   Thumb Code     0  startup_stm32f10x_md.o(.text)
    DMA1_Channel7_IRQHandler                 0x0800027b   Thumb Code     0  startup_stm32f10x_md.o(.text)
    EXTI0_IRQHandler                         0x0800027b   Thumb Code     0  startup_stm32f10x_md.o(.text)
    EXTI15_10_IRQHandler                     0x0800027b   Thumb Code     0  startup_stm32f10x_md.o(.text)
    EXTI1_IRQHandler                         0x0800027b   Thumb Code     0  startup_stm32f10x_md.o(.text)
    EXTI2_IRQHandler                         0x0800027b   Thumb Code     0  startup_stm32f10x_md.o(.text)
    EXTI3_IRQHandler                         0x0800027b   Thumb Code     0  startup_stm32f10x_md.o(.text)
    EXTI4_IRQHandler                         0x0800027b   Thumb Code     0  startup_stm32f10x_md.o(.text)
    EXTI9_5_IRQHandler                       0x0800027b   Thumb Code     0  startup_stm32f10x_md.o(.text)
    FLASH_IRQHandler                         0x0800027b   Thumb Code     0  startup_stm32f10x_md.o(.text)
    I2C1_ER_IRQHandler                       0x0800027b   Thumb Code     0  startup_stm32f10x_md.o(.text)
    I2C1_EV_IRQHandler                       0x0800027b   Thumb Code     0  startup_stm32f10x_md.o(.text)
    I2C2_ER_IRQHandler                       0x0800027b   Thumb Code     0  startup_stm32f10x_md.o(.text)
    I2C2_EV_IRQHandler                       0x0800027b   Thumb Code     0  startup_stm32f10x_md.o(.text)
    PVD_IRQHandler                           0x0800027b   Thumb Code     0  startup_stm32f10x_md.o(.text)
    RCC_IRQHandler                           0x0800027b   Thumb Code     0  startup_stm32f10x_md.o(.text)
    RTCAlarm_IRQHandler                      0x0800027b   Thumb Code     0  startup_stm32f10x_md.o(.text)
    RTC_IRQHandler                           0x0800027b   Thumb Code     0  startup_stm32f10x_md.o(.text)
    SPI1_IRQHandler                          0x0800027b   Thumb Code     0  startup_stm32f10x_md.o(.text)
    SPI2_IRQHandler                          0x0800027b   Thumb Code     0  startup_stm32f10x_md.o(.text)
    TAMPER_IRQHandler                        0x0800027b   Thumb Code     0  startup_stm32f10x_md.o(.text)
    TIM1_BRK_IRQHandler                      0x0800027b   Thumb Code     0  startup_stm32f10x_md.o(.text)
    TIM1_CC_IRQHandler                       0x0800027b   Thumb Code     0  startup_stm32f10x_md.o(.text)
    TIM1_TRG_COM_IRQHandler                  0x0800027b   Thumb Code     0  startup_stm32f10x_md.o(.text)
    TIM1_UP_IRQHandler                       0x0800027b   Thumb Code     0  startup_stm32f10x_md.o(.text)
    TIM2_IRQHandler                          0x0800027b   Thumb Code     0  startup_stm32f10x_md.o(.text)
    TIM3_IRQHandler                          0x0800027b   Thumb Code     0  startup_stm32f10x_md.o(.text)
    TIM4_IRQHandler                          0x0800027b   Thumb Code     0  startup_stm32f10x_md.o(.text)
    USART1_IRQHandler                        0x0800027b   Thumb Code     0  startup_stm32f10x_md.o(.text)
    USART2_IRQHandler                        0x0800027b   Thumb Code     0  startup_stm32f10x_md.o(.text)
    USART3_IRQHandler                        0x0800027b   Thumb Code     0  startup_stm32f10x_md.o(.text)
    USBWakeUp_IRQHandler                     0x0800027b   Thumb Code     0  startup_stm32f10x_md.o(.text)
    USB_HP_CAN1_TX_IRQHandler                0x0800027b   Thumb Code     0  startup_stm32f10x_md.o(.text)
    USB_LP_CAN1_RX0_IRQHandler               0x0800027b   Thumb Code     0  startup_stm32f10x_md.o(.text)
    WWDG_IRQHandler                          0x0800027b   Thumb Code     0  startup_stm32f10x_md.o(.text)
    __user_initial_stackheap                 0x0800027d   Thumb Code     0  startup_stm32f10x_md.o(.text)
    snprintf                                 0x080002a1   Thumb Code    58  snprintf.o(.text)
    strstr                                   0x080002e1   Thumb Code    36  strstr.o(.text)
    strlen                                   0x08000305   Thumb Code    62  strlen.o(.text)
    __aeabi_memcpy                           0x08000343   Thumb Code     0  rt_memcpy_v6.o(.text)
    __rt_memcpy                              0x08000343   Thumb Code   138  rt_memcpy_v6.o(.text)
    _memcpy_lastbytes                        0x080003a9   Thumb Code     0  rt_memcpy_v6.o(.text)
    __aeabi_memclr                           0x080003cd   Thumb Code     0  rt_memclr.o(.text)
    __rt_memclr                              0x080003cd   Thumb Code     0  rt_memclr.o(.text)
    _memset                                  0x080003d1   Thumb Code    64  rt_memclr.o(.text)
    strncpy                                  0x08000411   Thumb Code    86  strncpy.o(.text)
    strcmp                                   0x08000469   Thumb Code   128  strcmpv7m.o(.text)
    __use_two_region_memory                  0x080004e9   Thumb Code     2  heapauxi.o(.text)
    __rt_heap_escrow$2region                 0x080004eb   Thumb Code     2  heapauxi.o(.text)
    __rt_heap_expand$2region                 0x080004ed   Thumb Code     2  heapauxi.o(.text)
    _printf_pre_padding                      0x080004ef   Thumb Code    44  _printf_pad.o(.text)
    _printf_post_padding                     0x0800051b   Thumb Code    34  _printf_pad.o(.text)
    _printf_truncate_signed                  0x0800053d   Thumb Code    18  _printf_truncate.o(.text)
    _printf_truncate_unsigned                0x0800054f   Thumb Code    18  _printf_truncate.o(.text)
    _printf_str                              0x08000561   Thumb Code    82  _printf_str.o(.text)
    _printf_int_dec                          0x080005b5   Thumb Code   104  _printf_dec.o(.text)
    _printf_charcount                        0x0800062d   Thumb Code    40  _printf_charcount.o(.text)
    _printf_char_common                      0x0800065f   Thumb Code    32  _printf_char_common.o(.text)
    _snputc                                  0x08000685   Thumb Code    16  _snputc.o(.text)
    _printf_wctomb                           0x08000695   Thumb Code   182  _printf_wctomb.o(.text)
    _printf_longlong_dec                     0x08000751   Thumb Code   108  _printf_longlong_dec.o(.text)
    _printf_longlong_oct                     0x080007cd   Thumb Code    68  _printf_oct_int_ll.o(.text)
    _printf_int_oct                          0x08000811   Thumb Code    24  _printf_oct_int_ll.o(.text)
    _printf_ll_oct                           0x08000829   Thumb Code    12  _printf_oct_int_ll.o(.text)
    _printf_longlong_hex                     0x0800083d   Thumb Code    86  _printf_hex_int_ll_ptr.o(.text)
    _printf_int_hex                          0x08000893   Thumb Code    28  _printf_hex_int_ll_ptr.o(.text)
    _printf_ll_hex                           0x080008af   Thumb Code    12  _printf_hex_int_ll_ptr.o(.text)
    _printf_hex_ptr                          0x080008bb   Thumb Code    18  _printf_hex_int_ll_ptr.o(.text)
    __printf                                 0x080008d1   Thumb Code   388  __printf_flags_ss_wp.o(.text)
    __aeabi_memcpy4                          0x08000a59   Thumb Code     0  rt_memcpy_w.o(.text)
    __aeabi_memcpy8                          0x08000a59   Thumb Code     0  rt_memcpy_w.o(.text)
    __rt_memcpy_w                            0x08000a59   Thumb Code   100  rt_memcpy_w.o(.text)
    _memcpy_lastbytes_aligned                0x08000aa1   Thumb Code     0  rt_memcpy_w.o(.text)
    __aeabi_memclr4                          0x08000abd   Thumb Code     0  rt_memclr_w.o(.text)
    __aeabi_memclr8                          0x08000abd   Thumb Code     0  rt_memclr_w.o(.text)
    __rt_memclr_w                            0x08000abd   Thumb Code     0  rt_memclr_w.o(.text)
    _memset_w                                0x08000ac1   Thumb Code    74  rt_memclr_w.o(.text)
    _ll_udiv10                               0x08000b0b   Thumb Code   138  lludiv10.o(.text)
    _printf_int_common                       0x08000b95   Thumb Code   178  _printf_intcommon.o(.text)
    _printf_fp_dec_real                      0x08000df7   Thumb Code   620  _printf_fp_dec.o(.text)
    _printf_fp_hex_real                      0x08001065   Thumb Code   756  _printf_fp_hex.o(.text)
    _printf_cs_common                        0x08001361   Thumb Code    20  _printf_char.o(.text)
    _printf_char                             0x08001375   Thumb Code    16  _printf_char.o(.text)
    _printf_string                           0x08001385   Thumb Code     8  _printf_char.o(.text)
    _printf_lcs_common                       0x0800138d   Thumb Code    20  _printf_wchar.o(.text)
    _printf_wchar                            0x080013a1   Thumb Code    16  _printf_wchar.o(.text)
    _printf_wstring                          0x080013b1   Thumb Code     8  _printf_wchar.o(.text)
    _c16rtomb                                0x080013b9   Thumb Code    72  _c16rtomb.o(.text)
    _wcrtomb                                 0x080013b9   Thumb Code     0  _c16rtomb.o(.text)
    __user_setup_stackheap                   0x08001401   Thumb Code    74  sys_stackheap_outer.o(.text)
    __rt_ctype_table                         0x0800144d   Thumb Code    16  rt_ctype_table.o(.text)
    __rt_locale                              0x0800145d   Thumb Code     8  rt_locale_intlibspace.o(.text)
    _printf_fp_infnan                        0x08001465   Thumb Code   112  _printf_fp_infnan.o(.text)
    _btod_etento                             0x080014e5   Thumb Code   224  bigflt0.o(.text)
    exit                                     0x080015c9   Thumb Code    18  exit.o(.text)
    __user_libspace                          0x080015dd   Thumb Code     8  libspace.o(.text)
    __user_perproc_libspace                  0x080015dd   Thumb Code     0  libspace.o(.text)
    __user_perthread_libspace                0x080015dd   Thumb Code     0  libspace.o(.text)
    _sys_exit                                0x080015e5   Thumb Code     8  sys_exit.o(.text)
    __I$use$semihosting                      0x080015f1   Thumb Code     0  use_no_semi.o(.text)
    __use_no_semihosting_swi                 0x080015f1   Thumb Code     2  use_no_semi.o(.text)
    __semihosting_library_function           0x080015f3   Thumb Code     0  indicate_semi.o(.text)
    GPIO_Init                                0x080015f5   Thumb Code   390  stm32f10x_gpio.o(.text.GPIO_Init)
    GPIO_PinRemapConfig                      0x0800177d   Thumb Code   250  stm32f10x_gpio.o(.text.GPIO_PinRemapConfig)
    GetHeaterValue                           0x08001879   Thumb Code   104  uart-command-line.o(.text.GetHeaterValue)
    HAL_GPIO_Config                          0x080018e1   Thumb Code    86  hal_gpio_config.o(.text.HAL_GPIO_Config)
    HAL_USART2_Config                        0x08001939   Thumb Code   112  hal_usart2_config.o(.text.HAL_USART2_Config)
    HAL_config_MCU                           0x080019a9   Thumb Code    12  hal_common.o(.text.HAL_config_MCU)
    MemoryPool_Allocate                      0x080019b5   Thumb Code    84  memory_utility.o(.text.MemoryPool_Allocate)
    MemoryPool_AllocatePages                 0x08001a09   Thumb Code   208  memory_utility.o(.text.MemoryPool_AllocatePages)
    MemoryPool_Free                          0x08001ad9   Thumb Code    76  memory_utility.o(.text.MemoryPool_Free)
    MemoryPool_FreePages                     0x08001b25   Thumb Code   120  memory_utility.o(.text.MemoryPool_FreePages)
    MemoryPool_Init                          0x08001b9d   Thumb Code    62  memory_utility.o(.text.MemoryPool_Init)
    RCC_APB1PeriphClockCmd                   0x08001c81   Thumb Code    56  stm32f10x_rcc.o(.text.RCC_APB1PeriphClockCmd)
    RCC_APB2PeriphClockCmd                   0x08001cb9   Thumb Code    56  stm32f10x_rcc.o(.text.RCC_APB2PeriphClockCmd)
    RCC_GetClocksFreq                        0x08001cf1   Thumb Code   370  stm32f10x_rcc.o(.text.RCC_GetClocksFreq)
    SetLedValue                              0x08001e65   Thumb Code   104  uart-command-line.o(.text.SetLedValue)
    SystemInit                               0x08001ff9   Thumb Code   102  system_stm32f10x.o(.text.SystemInit)
    UART_WriteData                           0x08002061   Thumb Code   178  hal_usart2_config.o(.text.UART_WriteData)
    USART_Cmd                                0x08002115   Thumb Code    44  stm32f10x_usart.o(.text.USART_Cmd)
    USART_GetFlagStatus                      0x08002141   Thumb Code    68  stm32f10x_usart.o(.text.USART_GetFlagStatus)
    USART_ITConfig                           0x08002185   Thumb Code   146  stm32f10x_usart.o(.text.USART_ITConfig)
    USART_Init                               0x08002219   Thumb Code   348  stm32f10x_usart.o(.text.USART_Init)
    USART_SendData                           0x08002375   Thumb Code    24  stm32f10x_usart.o(.text.USART_SendData)
    execute_callback_functions               0x0800238d   Thumb Code   288  uart-command-line.o(.text.execute_callback_functions)
    extract_command_and_params_from_xml      0x080024ad   Thumb Code   158  uart-command-line.o(.text.extract_command_and_params_from_xml)
    extract_value_from_xml                   0x0800254d   Thumb Code   194  uart-command-line.o(.text.extract_value_from_xml)
    find_command_in_list                     0x08002611   Thumb Code   126  uart-command-line.o(.text.find_command_in_list)
    find_tag_location                        0x08002691   Thumb Code   138  uart-command-line.o(.text.find_tag_location)
    main                                     0x0800271d   Thumb Code   138  main.o(.text.main)
    obtain_semaphore                         0x080027a9   Thumb Code    54  semaphore.o(.text.obtain_semaphore)
    release_semaphore                        0x080027e1   Thumb Code    26  semaphore.o(.text.release_semaphore)
    _btod_d2e                                0x080027fb   Thumb Code    62  btod.o(CL$$btod_d2e)
    _d2e_denorm_low                          0x08002839   Thumb Code    70  btod.o(CL$$btod_d2e_denorm_low)
    _d2e_norm_op1                            0x0800287f   Thumb Code    96  btod.o(CL$$btod_d2e_norm_op1)
    __btod_div_common                        0x080028e1   Thumb Code   696  btod.o(CL$$btod_div_common)
    _e2e                                     0x08002c19   Thumb Code   220  btod.o(CL$$btod_e2e)
    _btod_ediv                               0x08002cf5   Thumb Code    42  btod.o(CL$$btod_ediv)
    _btod_emul                               0x08002d1f   Thumb Code    42  btod.o(CL$$btod_emul)
    __btod_mult_common                       0x08002d49   Thumb Code   580  btod.o(CL$$btod_mult_common)
    __ARM_fpclassify                         0x08002f8d   Thumb Code    40  fpclassify.o(i.__ARM_fpclassify)
    _is_digit                                0x08002fb5   Thumb Code    14  __printf_wp.o(i._is_digit)
    _get_lc_numeric                          0x08002fc5   Thumb Code    44  lc_numeric_c.o(locale$$code)
    _get_lc_ctype                            0x08002ff1   Thumb Code    44  lc_ctype_c.o(locale$$code)
    _printf_fp_dec                           0x0800301d   Thumb Code     4  printf1.o(x$fpl$printf1)
    _printf_fp_hex                           0x08003021   Thumb Code     4  printf2.o(x$fpl$printf2)
    __I$use$fp                               0x08003024   Number         0  usenofp.o(x$fpl$usenofp)
    Region$$Table$$Base                      0x0800321c   Number         0  anon$$obj.o(Region$$Table)
    Region$$Table$$Limit                     0x0800323c   Number         0  anon$$obj.o(Region$$Table)
    __ctype                                  0x08003265   Data           0  lc_ctype_c.o(locale$$data)
    __libspace_start                         0x20000028   Data          96  libspace.o(.bss)
    __temporary_stack_top$libspace           0x20000088   Data           0  libspace.o(.bss)
    g_extracted_data                         0x20000088   Data           4  memory_utility.o(.bss.g_extracted_data)
    g_semaphore                              0x2000008c   Data           1  semaphore.o(.bss.g_semaphore)
    g_uart_xml_main_buffer                   0x20000090   Data           4  memory_utility.o(.bss.g_uart_xml_main_buffer)



==============================================================================

Memory Map of the image

  Image Entry point : 0x080000ed

  Load Region LR_IROM1 (Base: 0x08000000, Size: 0x00003390, Max: 0x00010000, ABSOLUTE)

    Execution Region ER_IROM1 (Exec base: 0x08000000, Load base: 0x08000000, Size: 0x00003368, Max: 0x00010000, ABSOLUTE)

    Exec Addr    Load Addr    Size         Type   Attr      Idx    E Section Name        Object

    0x08000000   0x08000000   0x000000ec   Data   RO            3    RESET               startup_stm32f10x_md.o
    0x080000ec   0x080000ec   0x00000008   Code   RO          366  * !!!main             c_w.l(__main.o)
    0x080000f4   0x080000f4   0x0000005c   Code   RO          705    !!!scatter          c_w.l(__scatter.o)
    0x08000150   0x08000150   0x0000001a   Code   RO          709    !!handler_copy      c_w.l(__scatter_copy.o)
    0x0800016a   0x0800016a   0x00000002   PAD
    0x0800016c   0x0800016c   0x00000002   Code   RO          706    !!handler_null      c_w.l(__scatter.o)
    0x0800016e   0x0800016e   0x00000002   PAD
    0x08000170   0x08000170   0x0000001c   Code   RO          711    !!handler_zi        c_w.l(__scatter_zi.o)
    0x0800018c   0x0800018c   0x00000000   Code   RO          450    .ARM.Collect$$_printf_percent$$00000000  c_w.l(_printf_percent.o)
    0x0800018c   0x0800018c   0x00000006   Code   RO          439    .ARM.Collect$$_printf_percent$$00000001  c_w.l(_printf_n.o)
    0x08000192   0x08000192   0x00000006   Code   RO          441    .ARM.Collect$$_printf_percent$$00000002  c_w.l(_printf_p.o)
    0x08000198   0x08000198   0x00000006   Code   RO          446    .ARM.Collect$$_printf_percent$$00000003  c_w.l(_printf_f.o)
    0x0800019e   0x0800019e   0x00000006   Code   RO          447    .ARM.Collect$$_printf_percent$$00000004  c_w.l(_printf_e.o)
    0x080001a4   0x080001a4   0x00000006   Code   RO          448    .ARM.Collect$$_printf_percent$$00000005  c_w.l(_printf_g.o)
    0x080001aa   0x080001aa   0x00000006   Code   RO          449    .ARM.Collect$$_printf_percent$$00000006  c_w.l(_printf_a.o)
    0x080001b0   0x080001b0   0x0000000a   Code   RO          454    .ARM.Collect$$_printf_percent$$00000007  c_w.l(_printf_ll.o)
    0x080001ba   0x080001ba   0x00000006   Code   RO          443    .ARM.Collect$$_printf_percent$$00000008  c_w.l(_printf_i.o)
    0x080001c0   0x080001c0   0x00000006   Code   RO          444    .ARM.Collect$$_printf_percent$$00000009  c_w.l(_printf_d.o)
    0x080001c6   0x080001c6   0x00000006   Code   RO          445    .ARM.Collect$$_printf_percent$$0000000A  c_w.l(_printf_u.o)
    0x080001cc   0x080001cc   0x00000006   Code   RO          442    .ARM.Collect$$_printf_percent$$0000000B  c_w.l(_printf_o.o)
    0x080001d2   0x080001d2   0x00000006   Code   RO          440    .ARM.Collect$$_printf_percent$$0000000C  c_w.l(_printf_x.o)
    0x080001d8   0x080001d8   0x00000006   Code   RO          451    .ARM.Collect$$_printf_percent$$0000000D  c_w.l(_printf_lli.o)
    0x080001de   0x080001de   0x00000006   Code   RO          452    .ARM.Collect$$_printf_percent$$0000000E  c_w.l(_printf_lld.o)
    0x080001e4   0x080001e4   0x00000006   Code   RO          453    .ARM.Collect$$_printf_percent$$0000000F  c_w.l(_printf_llu.o)
    0x080001ea   0x080001ea   0x00000006   Code   RO          458    .ARM.Collect$$_printf_percent$$00000010  c_w.l(_printf_llo.o)
    0x080001f0   0x080001f0   0x00000006   Code   RO          459    .ARM.Collect$$_printf_percent$$00000011  c_w.l(_printf_llx.o)
    0x080001f6   0x080001f6   0x0000000a   Code   RO          455    .ARM.Collect$$_printf_percent$$00000012  c_w.l(_printf_l.o)
    0x08000200   0x08000200   0x00000006   Code   RO          437    .ARM.Collect$$_printf_percent$$00000013  c_w.l(_printf_c.o)
    0x08000206   0x08000206   0x00000006   Code   RO          438    .ARM.Collect$$_printf_percent$$00000014  c_w.l(_printf_s.o)
    0x0800020c   0x0800020c   0x00000006   Code   RO          456    .ARM.Collect$$_printf_percent$$00000015  c_w.l(_printf_lc.o)
    0x08000212   0x08000212   0x00000006   Code   RO          457    .ARM.Collect$$_printf_percent$$00000016  c_w.l(_printf_ls.o)
    0x08000218   0x08000218   0x00000004   Code   RO          504    .ARM.Collect$$_printf_percent$$00000017  c_w.l(_printf_percent_end.o)
    0x0800021c   0x0800021c   0x00000002   Code   RO          555    .ARM.Collect$$libinit$$00000000  c_w.l(libinit.o)
    0x0800021e   0x0800021e   0x00000000   Code   RO          572    .ARM.Collect$$libinit$$00000002  c_w.l(libinit2.o)
    0x0800021e   0x0800021e   0x00000000   Code   RO          574    .ARM.Collect$$libinit$$00000004  c_w.l(libinit2.o)
    0x0800021e   0x0800021e   0x00000000   Code   RO          576    .ARM.Collect$$libinit$$00000006  c_w.l(libinit2.o)
    0x0800021e   0x0800021e   0x00000000   Code   RO          579    .ARM.Collect$$libinit$$0000000C  c_w.l(libinit2.o)
    0x0800021e   0x0800021e   0x00000000   Code   RO          581    .ARM.Collect$$libinit$$0000000E  c_w.l(libinit2.o)
    0x0800021e   0x0800021e   0x00000000   Code   RO          583    .ARM.Collect$$libinit$$00000010  c_w.l(libinit2.o)
    0x0800021e   0x0800021e   0x00000006   Code   RO          584    .ARM.Collect$$libinit$$00000011  c_w.l(libinit2.o)
    0x08000224   0x08000224   0x00000000   Code   RO          586    .ARM.Collect$$libinit$$00000013  c_w.l(libinit2.o)
    0x08000224   0x08000224   0x0000000c   Code   RO          587    .ARM.Collect$$libinit$$00000014  c_w.l(libinit2.o)
    0x08000230   0x08000230   0x00000000   Code   RO          588    .ARM.Collect$$libinit$$00000015  c_w.l(libinit2.o)
    0x08000230   0x08000230   0x00000000   Code   RO          590    .ARM.Collect$$libinit$$00000017  c_w.l(libinit2.o)
    0x08000230   0x08000230   0x0000000a   Code   RO          591    .ARM.Collect$$libinit$$00000018  c_w.l(libinit2.o)
    0x0800023a   0x0800023a   0x00000000   Code   RO          592    .ARM.Collect$$libinit$$00000019  c_w.l(libinit2.o)
    0x0800023a   0x0800023a   0x00000000   Code   RO          594    .ARM.Collect$$libinit$$0000001B  c_w.l(libinit2.o)
    0x0800023a   0x0800023a   0x00000000   Code   RO          596    .ARM.Collect$$libinit$$0000001D  c_w.l(libinit2.o)
    0x0800023a   0x0800023a   0x00000000   Code   RO          598    .ARM.Collect$$libinit$$0000001F  c_w.l(libinit2.o)
    0x0800023a   0x0800023a   0x00000000   Code   RO          600    .ARM.Collect$$libinit$$00000021  c_w.l(libinit2.o)
    0x0800023a   0x0800023a   0x00000000   Code   RO          602    .ARM.Collect$$libinit$$00000023  c_w.l(libinit2.o)
    0x0800023a   0x0800023a   0x00000000   Code   RO          604    .ARM.Collect$$libinit$$00000025  c_w.l(libinit2.o)
    0x0800023a   0x0800023a   0x00000000   Code   RO          606    .ARM.Collect$$libinit$$00000027  c_w.l(libinit2.o)
    0x0800023a   0x0800023a   0x00000000   Code   RO          610    .ARM.Collect$$libinit$$0000002E  c_w.l(libinit2.o)
    0x0800023a   0x0800023a   0x00000000   Code   RO          612    .ARM.Collect$$libinit$$00000030  c_w.l(libinit2.o)
    0x0800023a   0x0800023a   0x00000000   Code   RO          614    .ARM.Collect$$libinit$$00000032  c_w.l(libinit2.o)
    0x0800023a   0x0800023a   0x00000000   Code   RO          616    .ARM.Collect$$libinit$$00000034  c_w.l(libinit2.o)
    0x0800023a   0x0800023a   0x00000002   Code   RO          617    .ARM.Collect$$libinit$$00000035  c_w.l(libinit2.o)
    0x0800023c   0x0800023c   0x00000002   Code   RO          641    .ARM.Collect$$libshutdown$$00000000  c_w.l(libshutdown.o)
    0x0800023e   0x0800023e   0x00000000   Code   RO          656    .ARM.Collect$$libshutdown$$00000002  c_w.l(libshutdown2.o)
    0x0800023e   0x0800023e   0x00000000   Code   RO          658    .ARM.Collect$$libshutdown$$00000004  c_w.l(libshutdown2.o)
    0x0800023e   0x0800023e   0x00000000   Code   RO          661    .ARM.Collect$$libshutdown$$00000007  c_w.l(libshutdown2.o)
    0x0800023e   0x0800023e   0x00000000   Code   RO          664    .ARM.Collect$$libshutdown$$0000000A  c_w.l(libshutdown2.o)
    0x0800023e   0x0800023e   0x00000000   Code   RO          666    .ARM.Collect$$libshutdown$$0000000C  c_w.l(libshutdown2.o)
    0x0800023e   0x0800023e   0x00000000   Code   RO          669    .ARM.Collect$$libshutdown$$0000000F  c_w.l(libshutdown2.o)
    0x0800023e   0x0800023e   0x00000002   Code   RO          670    .ARM.Collect$$libshutdown$$00000010  c_w.l(libshutdown2.o)
    0x08000240   0x08000240   0x00000000   Code   RO          368    .ARM.Collect$$rtentry$$00000000  c_w.l(__rtentry.o)
    0x08000240   0x08000240   0x00000000   Code   RO          473    .ARM.Collect$$rtentry$$00000002  c_w.l(__rtentry2.o)
    0x08000240   0x08000240   0x00000006   Code   RO          485    .ARM.Collect$$rtentry$$00000004  c_w.l(__rtentry4.o)
    0x08000246   0x08000246   0x00000000   Code   RO          475    .ARM.Collect$$rtentry$$00000009  c_w.l(__rtentry2.o)
    0x08000246   0x08000246   0x00000004   Code   RO          476    .ARM.Collect$$rtentry$$0000000A  c_w.l(__rtentry2.o)
    0x0800024a   0x0800024a   0x00000000   Code   RO          478    .ARM.Collect$$rtentry$$0000000C  c_w.l(__rtentry2.o)
    0x0800024a   0x0800024a   0x00000008   Code   RO          479    .ARM.Collect$$rtentry$$0000000D  c_w.l(__rtentry2.o)
    0x08000252   0x08000252   0x00000002   Code   RO          564    .ARM.Collect$$rtexit$$00000000  c_w.l(rtexit.o)
    0x08000254   0x08000254   0x00000000   Code   RO          619    .ARM.Collect$$rtexit$$00000002  c_w.l(rtexit2.o)
    0x08000254   0x08000254   0x00000004   Code   RO          620    .ARM.Collect$$rtexit$$00000003  c_w.l(rtexit2.o)
    0x08000258   0x08000258   0x00000006   Code   RO          621    .ARM.Collect$$rtexit$$00000004  c_w.l(rtexit2.o)
    0x0800025e   0x0800025e   0x00000002   PAD
    0x08000260   0x08000260   0x00000040   Code   RO            4    .text               startup_stm32f10x_md.o
    0x080002a0   0x080002a0   0x00000040   Code   RO          350    .text               c_w.l(snprintf.o)
    0x080002e0   0x080002e0   0x00000024   Code   RO          352    .text               c_w.l(strstr.o)
    0x08000304   0x08000304   0x0000003e   Code   RO          354    .text               c_w.l(strlen.o)
    0x08000342   0x08000342   0x0000008a   Code   RO          356    .text               c_w.l(rt_memcpy_v6.o)
    0x080003cc   0x080003cc   0x00000044   Code   RO          358    .text               c_w.l(rt_memclr.o)
    0x08000410   0x08000410   0x00000056   Code   RO          360    .text               c_w.l(strncpy.o)
    0x08000466   0x08000466   0x00000002   PAD
    0x08000468   0x08000468   0x00000080   Code   RO          362    .text               c_w.l(strcmpv7m.o)
    0x080004e8   0x080004e8   0x00000006   Code   RO          364    .text               c_w.l(heapauxi.o)
    0x080004ee   0x080004ee   0x0000004e   Code   RO          371    .text               c_w.l(_printf_pad.o)
    0x0800053c   0x0800053c   0x00000024   Code   RO          373    .text               c_w.l(_printf_truncate.o)
    0x08000560   0x08000560   0x00000052   Code   RO          375    .text               c_w.l(_printf_str.o)
    0x080005b2   0x080005b2   0x00000002   PAD
    0x080005b4   0x080005b4   0x00000078   Code   RO          377    .text               c_w.l(_printf_dec.o)
    0x0800062c   0x0800062c   0x00000028   Code   RO          379    .text               c_w.l(_printf_charcount.o)
    0x08000654   0x08000654   0x00000030   Code   RO          381    .text               c_w.l(_printf_char_common.o)
    0x08000684   0x08000684   0x00000010   Code   RO          383    .text               c_w.l(_snputc.o)
    0x08000694   0x08000694   0x000000bc   Code   RO          385    .text               c_w.l(_printf_wctomb.o)
    0x08000750   0x08000750   0x0000007c   Code   RO          388    .text               c_w.l(_printf_longlong_dec.o)
    0x080007cc   0x080007cc   0x00000070   Code   RO          394    .text               c_w.l(_printf_oct_int_ll.o)
    0x0800083c   0x0800083c   0x00000094   Code   RO          414    .text               c_w.l(_printf_hex_int_ll_ptr.o)
    0x080008d0   0x080008d0   0x00000188   Code   RO          434    .text               c_w.l(__printf_flags_ss_wp.o)
    0x08000a58   0x08000a58   0x00000064   Code   RO          460    .text               c_w.l(rt_memcpy_w.o)
    0x08000abc   0x08000abc   0x0000004e   Code   RO          462    .text               c_w.l(rt_memclr_w.o)
    0x08000b0a   0x08000b0a   0x0000008a   Code   RO          487    .text               c_w.l(lludiv10.o)
    0x08000b94   0x08000b94   0x000000b2   Code   RO          489    .text               c_w.l(_printf_intcommon.o)
    0x08000c46   0x08000c46   0x0000041c   Code   RO          491    .text               c_w.l(_printf_fp_dec.o)
    0x08001062   0x08001062   0x00000002   PAD
    0x08001064   0x08001064   0x000002fc   Code   RO          495    .text               c_w.l(_printf_fp_hex.o)
    0x08001360   0x08001360   0x0000002c   Code   RO          500    .text               c_w.l(_printf_char.o)
    0x0800138c   0x0800138c   0x0000002c   Code   RO          502    .text               c_w.l(_printf_wchar.o)
    0x080013b8   0x080013b8   0x00000048   Code   RO          505    .text               c_w.l(_c16rtomb.o)
    0x08001400   0x08001400   0x0000004a   Code   RO          507    .text               c_w.l(sys_stackheap_outer.o)
    0x0800144a   0x0800144a   0x00000002   PAD
    0x0800144c   0x0800144c   0x00000010   Code   RO          509    .text               c_w.l(rt_ctype_table.o)
    0x0800145c   0x0800145c   0x00000008   Code   RO          514    .text               c_w.l(rt_locale_intlibspace.o)
    0x08001464   0x08001464   0x00000080   Code   RO          516    .text               c_w.l(_printf_fp_infnan.o)
    0x080014e4   0x080014e4   0x000000e4   Code   RO          518    .text               c_w.l(bigflt0.o)
    0x080015c8   0x080015c8   0x00000012   Code   RO          548    .text               c_w.l(exit.o)
    0x080015da   0x080015da   0x00000002   PAD
    0x080015dc   0x080015dc   0x00000008   Code   RO          561    .text               c_w.l(libspace.o)
    0x080015e4   0x080015e4   0x0000000c   Code   RO          631    .text               c_w.l(sys_exit.o)
    0x080015f0   0x080015f0   0x00000002   Code   RO          646    .text               c_w.l(use_no_semi.o)
    0x080015f2   0x080015f2   0x00000000   Code   RO          648    .text               c_w.l(indicate_semi.o)
    0x080015f2   0x080015f2   0x00000002   PAD
    0x080015f4   0x080015f4   0x00000186   Code   RO           50    .text.GPIO_Init     stm32f10x_gpio.o
    0x0800177a   0x0800177a   0x00000002   PAD
    0x0800177c   0x0800177c   0x000000fa   Code   RO           76    .text.GPIO_PinRemapConfig  stm32f10x_gpio.o
    0x08001876   0x08001876   0x00000002   PAD
    0x08001878   0x08001878   0x00000068   Code   RO          325    .text.GetHeaterValue  uart-command-line.o
    0x080018e0   0x080018e0   0x00000056   Code   RO           38    .text.HAL_GPIO_Config  hal_gpio_config.o
    0x08001936   0x08001936   0x00000002   PAD
    0x08001938   0x08001938   0x00000070   Code   RO          206    .text.HAL_USART2_Config  hal_usart2_config.o
    0x080019a8   0x080019a8   0x0000000c   Code   RO          162    .text.HAL_config_MCU  hal_common.o
    0x080019b4   0x080019b4   0x00000054   Code   RO          288    .text.MemoryPool_Allocate  memory_utility.o
    0x08001a08   0x08001a08   0x000000d0   Code   RO          292    .text.MemoryPool_AllocatePages  memory_utility.o
    0x08001ad8   0x08001ad8   0x0000004c   Code   RO          290    .text.MemoryPool_Free  memory_utility.o
    0x08001b24   0x08001b24   0x00000078   Code   RO          294    .text.MemoryPool_FreePages  memory_utility.o
    0x08001b9c   0x08001b9c   0x0000003e   Code   RO          286    .text.MemoryPool_Init  memory_utility.o
    0x08001bda   0x08001bda   0x00000002   PAD
    0x08001bdc   0x08001bdc   0x00000024   Code   RO          212    .text.NVIC_EnableIRQ  hal_usart2_config.o
    0x08001c00   0x08001c00   0x00000044   Code   RO          210    .text.NVIC_SetPriority  hal_usart2_config.o
    0x08001c44   0x08001c44   0x0000003c   Code   RO          208    .text.NVIC_SetPriorityGrouping  hal_usart2_config.o
    0x08001c80   0x08001c80   0x00000038   Code   RO          135    .text.RCC_APB1PeriphClockCmd  stm32f10x_rcc.o
    0x08001cb8   0x08001cb8   0x00000038   Code   RO          133    .text.RCC_APB2PeriphClockCmd  stm32f10x_rcc.o
    0x08001cf0   0x08001cf0   0x00000172   Code   RO          129    .text.RCC_GetClocksFreq  stm32f10x_rcc.o
    0x08001e62   0x08001e62   0x00000002   PAD
    0x08001e64   0x08001e64   0x00000068   Code   RO          323    .text.SetLedValue   uart-command-line.o
    0x08001ecc   0x08001ecc   0x00000008   Code   RO          189    .text.SetSysClock   system_stm32f10x.o
    0x08001ed4   0x08001ed4   0x00000122   Code   RO          193    .text.SetSysClockTo72  system_stm32f10x.o
    0x08001ff6   0x08001ff6   0x00000002   PAD
    0x08001ff8   0x08001ff8   0x00000066   Code   RO          187    .text.SystemInit    system_stm32f10x.o
    0x0800205e   0x0800205e   0x00000002   PAD
    0x08002060   0x08002060   0x000000b2   Code   RO          204    .text.UART_WriteData  hal_usart2_config.o
    0x08002112   0x08002112   0x00000002   PAD
    0x08002114   0x08002114   0x0000002c   Code   RO          231    .text.USART_Cmd     stm32f10x_usart.o
    0x08002140   0x08002140   0x00000044   Code   RO          271    .text.USART_GetFlagStatus  stm32f10x_usart.o
    0x08002184   0x08002184   0x00000092   Code   RO          233    .text.USART_ITConfig  stm32f10x_usart.o
    0x08002216   0x08002216   0x00000002   PAD
    0x08002218   0x08002218   0x0000015c   Code   RO          223    .text.USART_Init    stm32f10x_usart.o
    0x08002374   0x08002374   0x00000018   Code   RO          247    .text.USART_SendData  stm32f10x_usart.o
    0x0800238c   0x0800238c   0x00000120   Code   RO          335    .text.execute_callback_functions  uart-command-line.o
    0x080024ac   0x080024ac   0x0000009e   Code   RO          333    .text.extract_command_and_params_from_xml  uart-command-line.o
    0x0800254a   0x0800254a   0x00000002   PAD
    0x0800254c   0x0800254c   0x000000c2   Code   RO          329    .text.extract_value_from_xml  uart-command-line.o
    0x0800260e   0x0800260e   0x00000002   PAD
    0x08002610   0x08002610   0x0000007e   Code   RO          331    .text.find_command_in_list  uart-command-line.o
    0x0800268e   0x0800268e   0x00000002   PAD
    0x08002690   0x08002690   0x0000008a   Code   RO          327    .text.find_tag_location  uart-command-line.o
    0x0800271a   0x0800271a   0x00000002   PAD
    0x0800271c   0x0800271c   0x0000008a   Code   RO           11    .text.main          main.o
    0x080027a6   0x080027a6   0x00000002   PAD
    0x080027a8   0x080027a8   0x00000036   Code   RO          313    .text.obtain_semaphore  semaphore.o
    0x080027de   0x080027de   0x00000002   PAD
    0x080027e0   0x080027e0   0x0000001a   Code   RO          311    .text.release_semaphore  semaphore.o
    0x080027fa   0x080027fa   0x0000003e   Code   RO          521    CL$$btod_d2e        c_w.l(btod.o)
    0x08002838   0x08002838   0x00000046   Code   RO          523    CL$$btod_d2e_denorm_low  c_w.l(btod.o)
    0x0800287e   0x0800287e   0x00000060   Code   RO          522    CL$$btod_d2e_norm_op1  c_w.l(btod.o)
    0x080028de   0x080028de   0x00000002   PAD
    0x080028e0   0x080028e0   0x00000338   Code   RO          531    CL$$btod_div_common  c_w.l(btod.o)
    0x08002c18   0x08002c18   0x000000dc   Code   RO          528    CL$$btod_e2e        c_w.l(btod.o)
    0x08002cf4   0x08002cf4   0x0000002a   Code   RO          525    CL$$btod_ediv       c_w.l(btod.o)
    0x08002d1e   0x08002d1e   0x0000002a   Code   RO          524    CL$$btod_emul       c_w.l(btod.o)
    0x08002d48   0x08002d48   0x00000244   Code   RO          530    CL$$btod_mult_common  c_w.l(btod.o)
    0x08002f8c   0x08002f8c   0x00000028   Code   RO          559    i.__ARM_fpclassify  m_ws.l(fpclassify.o)
    0x08002fb4   0x08002fb4   0x0000000e   Code   RO          427    i._is_digit         c_w.l(__printf_wp.o)
    0x08002fc2   0x08002fc2   0x00000002   PAD
    0x08002fc4   0x08002fc4   0x0000002c   Code   RO          546    locale$$code        c_w.l(lc_numeric_c.o)
    0x08002ff0   0x08002ff0   0x0000002c   Code   RO          569    locale$$code        c_w.l(lc_ctype_c.o)
    0x0800301c   0x0800301c   0x00000004   Code   RO          464    x$fpl$printf1       fz_ws.l(printf1.o)
    0x08003020   0x08003020   0x00000004   Code   RO          466    x$fpl$printf2       fz_ws.l(printf2.o)
    0x08003024   0x08003024   0x00000000   Code   RO          558    x$fpl$usenofp       fz_ws.l(usenofp.o)
    0x08003024   0x08003024   0x00000008   Data   RO          386    .constdata          c_w.l(_printf_wctomb.o)
    0x0800302c   0x0800302c   0x00000028   Data   RO          415    .constdata          c_w.l(_printf_hex_int_ll_ptr.o)
    0x08003054   0x08003054   0x00000011   Data   RO          435    .constdata          c_w.l(__printf_flags_ss_wp.o)
    0x08003065   0x08003065   0x00000026   Data   RO          496    .constdata          c_w.l(_printf_fp_hex.o)
    0x0800308b   0x0800308b   0x00000001   PAD
    0x0800308c   0x0800308c   0x00000094   Data   RO          519    .constdata          c_w.l(bigflt0.o)
    0x08003120   0x08003120   0x00000004   Data   RO          154    .rodata.ADCPrescTable  stm32f10x_rcc.o
    0x08003124   0x08003124   0x00000010   Data   RO          153    .rodata.APBAHBPrescTable  stm32f10x_rcc.o
    0x08003134   0x08003134   0x00000018   Data   RO          339    .rodata.g_cmd_list  uart-command-line.o
    0x0800314c   0x0800314c   0x000000ce   Data   RO          338    .rodata.str1.1      uart-command-line.o
    0x0800321a   0x0800321a   0x00000002   PAD
    0x0800321c   0x0800321c   0x00000020   Data   RO          704    Region$$Table       anon$$obj.o
    0x0800323c   0x0800323c   0x0000001c   Data   RO          545    locale$$data        c_w.l(lc_numeric_c.o)
    0x08003258   0x08003258   0x00000110   Data   RO          568    locale$$data        c_w.l(lc_ctype_c.o)


    Execution Region RW_IRAM1 (Exec base: 0x20000000, Load base: 0x08003368, Size: 0x00000ab8, Max: 0x00005000, ABSOLUTE)

    Exec Addr    Load Addr    Size         Type   Attr      Idx    E Section Name        Object

    0x20000000   0x08003368   0x00000014   Data   RW          337    .data.UART_Message  uart-command-line.o
    0x20000014   0x0800337c   0x00000010   Data   RW          340    .data.XML_Proccessing_Messages  uart-command-line.o
    0x20000024   0x0800338c   0x00000004   PAD
    0x20000028        -       0x00000060   Zero   RW          562    .bss                c_w.l(libspace.o)
    0x20000088        -       0x00000004   Zero   RW          301    .bss.g_extracted_data  memory_utility.o
    0x2000008c        -       0x00000001   Zero   RW          315    .bss.g_semaphore    semaphore.o
    0x2000008d   0x0800338c   0x00000003   PAD
    0x20000090        -       0x00000004   Zero   RW          299    .bss.g_uart_xml_main_buffer  memory_utility.o
    0x20000094        -       0x00000420   Zero   RW          300    .bss.memPool        memory_utility.o
    0x200004b4   0x0800338c   0x00000004   PAD
    0x200004b8        -       0x00000200   Zero   RW            2    HEAP                startup_stm32f10x_md.o
    0x200006b8        -       0x00000400   Zero   RW            1    STACK               startup_stm32f10x_md.o


==============================================================================

Image component sizes


      Code (inc. data)   RO Data    RW Data    ZI Data      Debug   Object Name

        12          0          0          0          0        391   hal_common.o
        86          0          0          0          0       1482   hal_gpio_config.o
       454          0          0          0          0       4595   hal_usart2_config.o
       138          0          0          0          0        918   main.o
       550          0          0          0       1064       2772   memory_utility.o
        80          0          0          0          1       1041   semaphore.o
        64         26        236          0       1536        792   startup_stm32f10x_md.o
       640          0          0          0          0       5456   stm32f10x_gpio.o
       482          0         20          0          0       6780   stm32f10x_rcc.o
       630          0          0          0          0       7292   stm32f10x_usart.o
       400          0          0          0          0       2791   system_stm32f10x.o
      1112          0        230         36          0       4528   uart-command-line.o

    ----------------------------------------------------------------------
      4678         26        520         36       2612      38838   Object Totals
         0          0         32          0          0          0   (incl. Generated)
        30          0          2          0         11          0   (incl. Padding)

    ----------------------------------------------------------------------

      Code (inc. data)   RO Data    RW Data    ZI Data      Debug   Library Member Name

         8          0          0          0          0         68   __main.o
       392          4         17          0          0         92   __printf_flags_ss_wp.o
        14          0          0          0          0         68   __printf_wp.o
         0          0          0          0          0          0   __rtentry.o
        12          0          0          0          0          0   __rtentry2.o
         6          0          0          0          0          0   __rtentry4.o
        94          8          0          0          0          0   __scatter.o
        26          0          0          0          0          0   __scatter_copy.o
        28          0          0          0          0          0   __scatter_zi.o
        72          0          0          0          0         96   _c16rtomb.o
         6          0          0          0          0          0   _printf_a.o
         6          0          0          0          0          0   _printf_c.o
        44          0          0          0          0        108   _printf_char.o
        48          6          0          0          0         96   _printf_char_common.o
        40          0          0          0          0         68   _printf_charcount.o
         6          0          0          0          0          0   _printf_d.o
       120         16          0          0          0         92   _printf_dec.o
         6          0          0          0          0          0   _printf_e.o
         6          0          0          0          0          0   _printf_f.o
      1052          0          0          0          0        148   _printf_fp_dec.o
       764          8         38          0          0        100   _printf_fp_hex.o
       128         16          0          0          0         84   _printf_fp_infnan.o
         6          0          0          0          0          0   _printf_g.o
       148          4         40          0          0        160   _printf_hex_int_ll_ptr.o
         6          0          0          0          0          0   _printf_i.o
       178          0          0          0          0         88   _printf_intcommon.o
        10          0          0          0          0          0   _printf_l.o
         6          0          0          0          0          0   _printf_lc.o
        10          0          0          0          0          0   _printf_ll.o
         6          0          0          0          0          0   _printf_lld.o
         6          0          0          0          0          0   _printf_lli.o
         6          0          0          0          0          0   _printf_llo.o
         6          0          0          0          0          0   _printf_llu.o
         6          0          0          0          0          0   _printf_llx.o
       124         16          0          0          0         92   _printf_longlong_dec.o
         6          0          0          0          0          0   _printf_ls.o
         6          0          0          0          0          0   _printf_n.o
         6          0          0          0          0          0   _printf_o.o
       112          8          0          0          0        124   _printf_oct_int_ll.o
         6          0          0          0          0          0   _printf_p.o
        78          0          0          0          0        108   _printf_pad.o
         0          0          0          0          0          0   _printf_percent.o
         4          0          0          0          0          0   _printf_percent_end.o
         6          0          0          0          0          0   _printf_s.o
        82          0          0          0          0         80   _printf_str.o
        36          0          0          0          0         84   _printf_truncate.o
         6          0          0          0          0          0   _printf_u.o
        44          0          0          0          0        108   _printf_wchar.o
       188          6          8          0          0         92   _printf_wctomb.o
         6          0          0          0          0          0   _printf_x.o
        16          0          0          0          0         68   _snputc.o
       228          4        148          0          0         96   bigflt0.o
      1936        128          0          0          0        668   btod.o
        18          0          0          0          0         80   exit.o
         6          0          0          0          0        152   heapauxi.o
         0          0          0          0          0          0   indicate_semi.o
        44         10        272          0          0         76   lc_ctype_c.o
        44         10         28          0          0         76   lc_numeric_c.o
         2          0          0          0          0          0   libinit.o
        30          0          0          0          0          0   libinit2.o
         2          0          0          0          0          0   libshutdown.o
         2          0          0          0          0          0   libshutdown2.o
         8          4          0          0         96         68   libspace.o
       138          0          0          0          0         80   lludiv10.o
        16          4          0          0          0         76   rt_ctype_table.o
         8          4          0          0          0         68   rt_locale_intlibspace.o
        68          0          0          0          0         68   rt_memclr.o
        78          0          0          0          0         80   rt_memclr_w.o
       138          0          0          0          0         68   rt_memcpy_v6.o
       100          0          0          0          0         80   rt_memcpy_w.o
         2          0          0          0          0          0   rtexit.o
        10          0          0          0          0          0   rtexit2.o
        64          6          0          0          0         84   snprintf.o
       128          0          0          0          0         68   strcmpv7m.o
        62          0          0          0          0         76   strlen.o
        86          0          0          0          0         76   strncpy.o
        36          0          0          0          0         80   strstr.o
        12          4          0          0          0         68   sys_exit.o
        74          0          0          0          0         80   sys_stackheap_outer.o
         2          0          0          0          0         68   use_no_semi.o
         4          0          0          0          0         68   printf1.o
         4          0          0          0          0         68   printf2.o
         0          0          0          0          0          0   usenofp.o
        40          0          0          0          0         68   fpclassify.o

    ----------------------------------------------------------------------
      7410        266        552          0         96       4564   Library Totals
        22          0          1          0          0          0   (incl. Padding)

    ----------------------------------------------------------------------

      Code (inc. data)   RO Data    RW Data    ZI Data      Debug   Library Name

      7340        266        551          0         96       4360   c_w.l
         8          0          0          0          0        136   fz_ws.l
        40          0          0          0          0         68   m_ws.l

    ----------------------------------------------------------------------
      7410        266        552          0         96       4564   Library Totals

    ----------------------------------------------------------------------

==============================================================================


      Code (inc. data)   RO Data    RW Data    ZI Data      Debug   

     12088        292       1072         36       2708      40770   Grand Totals
     12088        292       1072         36       2708      40770   ELF Image Totals
     12088        292       1072         36          0          0   ROM Totals

==============================================================================

    Total RO  Size (Code + RO Data)                13160 (  12.85kB)
    Total RW  Size (RW Data + ZI Data)              2744 (   2.68kB)
    Total ROM Size (Code + RO Data + RW Data)      13196 (  12.89kB)

==============================================================================

